Component: ARM Compiler 5.06 update 6 (build 750) Tool: armlink [4d35ed]

==============================================================================

Section Cross References

    startup_stm32f10x_md.o(RESET) refers to startup_stm32f10x_md.o(STACK) for __initial_sp
    startup_stm32f10x_md.o(RESET) refers to startup_stm32f10x_md.o(.text) for Reset_Handler
    startup_stm32f10x_md.o(RESET) refers to stm32f10x_it.o(i.NMI_Handler) for NMI_Handler
    startup_stm32f10x_md.o(RESET) refers to stm32f10x_it.o(i.HardFault_Handler) for HardFault_Handler
    startup_stm32f10x_md.o(RESET) refers to stm32f10x_it.o(i.MemManage_Handler) for MemManage_Handler
    startup_stm32f10x_md.o(RESET) refers to stm32f10x_it.o(i.BusFault_Handler) for BusFault_Handler
    startup_stm32f10x_md.o(RESET) refers to stm32f10x_it.o(i.UsageFault_Handler) for UsageFault_Handler
    startup_stm32f10x_md.o(RESET) refers to port.o(.emb_text) for SVC_Handler
    startup_stm32f10x_md.o(RESET) refers to stm32f10x_it.o(i.DebugMon_Handler) for DebugMon_Handler
    startup_stm32f10x_md.o(RESET) refers to delay.o(i.SysTick_Handler) for SysTick_Handler
    startup_stm32f10x_md.o(RESET) refers to ds1302.o(i.RTC_IRQHandler) for RTC_IRQHandler
    startup_stm32f10x_md.o(RESET) refers to usart1.o(i.USART1_IRQHandler) for USART1_IRQHandler
    startup_stm32f10x_md.o(RESET) refers to 4g.o(i.USART2_IRQHandler) for USART2_IRQHandler
    startup_stm32f10x_md.o(RESET) refers to usart1.o(i.USART3_IRQHandler) for USART3_IRQHandler
    startup_stm32f10x_md.o(.text) refers to system_stm32f10x.o(i.SystemInit) for SystemInit
    startup_stm32f10x_md.o(.text) refers to entry.o(.ARM.Collect$$$$00000000) for __main
    delay.o(i.Delay_Init) refers to misc.o(i.SysTick_CLKSourceConfig) for SysTick_CLKSourceConfig
    delay.o(i.Delay_Init) refers to system_stm32f10x.o(.data) for SystemCoreClock
    delay.o(i.Delay_Init) refers to delay.o(.data) for .data
    delay.o(i.SysTick_Handler) refers to tasks.o(i.xTaskGetSchedulerState) for xTaskGetSchedulerState
    delay.o(i.SysTick_Handler) refers to port.o(i.xPortSysTickHandler) for xPortSysTickHandler
    delay.o(i.delay_ms) refers to tasks.o(i.xTaskGetSchedulerState) for xTaskGetSchedulerState
    delay.o(i.delay_ms) refers to tasks.o(i.vTaskDelay) for vTaskDelay
    delay.o(i.delay_ms) refers to delay.o(i.delay_xus) for delay_xus
    delay.o(i.delay_ms) refers to delay.o(.data) for .data
    delay.o(i.delay_s) refers to delay.o(i.delay_xms) for delay_xms
    delay.o(i.delay_xms) refers to delay.o(i.delay_xus) for delay_xus
    delay.o(i.delay_xus) refers to delay.o(.data) for .data
    usart1.o(i.USART1_IRQHandler) refers to stm32f10x_usart.o(i.USART_GetITStatus) for USART_GetITStatus
    usart1.o(i.USART1_IRQHandler) refers to stm32f10x_usart.o(i.USART_ReceiveData) for USART_ReceiveData
    usart1.o(i.USART1_IRQHandler) refers to usart1.o(.data) for .data
    usart1.o(i.USART1_IRQHandler) refers to usart1.o(.bss) for .bss
    usart1.o(i.USART1_Init) refers to misc.o(i.NVIC_PriorityGroupConfig) for NVIC_PriorityGroupConfig
    usart1.o(i.USART1_Init) refers to stm32f10x_rcc.o(i.RCC_APB2PeriphClockCmd) for RCC_APB2PeriphClockCmd
    usart1.o(i.USART1_Init) refers to stm32f10x_gpio.o(i.GPIO_Init) for GPIO_Init
    usart1.o(i.USART1_Init) refers to stm32f10x_usart.o(i.USART_Init) for USART_Init
    usart1.o(i.USART1_Init) refers to misc.o(i.NVIC_Init) for NVIC_Init
    usart1.o(i.USART1_Init) refers to stm32f10x_usart.o(i.USART_ITConfig) for USART_ITConfig
    usart1.o(i.USART1_Init) refers to stm32f10x_usart.o(i.USART_Cmd) for USART_Cmd
    usart1.o(i.USART3_IRQHandler) refers to stm32f10x_usart.o(i.USART_GetITStatus) for USART_GetITStatus
    usart1.o(i.USART3_IRQHandler) refers to stm32f10x_usart.o(i.USART_ReceiveData) for USART_ReceiveData
    usart1.o(i.USART3_IRQHandler) refers to stm32f10x_usart.o(i.USART_ClearITPendingBit) for USART_ClearITPendingBit
    usart1.o(i.USART3_IRQHandler) refers to usart1.o(.data) for .data
    usart1.o(i.USART3_IRQHandler) refers to usart1.o(.bss) for .bss
    usart1.o(i.UsartPrintf) refers to printfa.o(i.__0vsnprintf) for vsnprintf
    usart1.o(i.UsartPrintf) refers to stm32f10x_usart.o(i.USART_GetFlagStatus) for USART_GetFlagStatus
    usart1.o(i.UsartPrintf) refers to stm32f10x_usart.o(i.USART_SendData) for USART_SendData
    usart1.o(i.Usart_SendString) refers to stm32f10x_usart.o(i.USART_SendData) for USART_SendData
    usart1.o(i.Usart_SendString) refers to stm32f10x_usart.o(i.USART_GetFlagStatus) for USART_GetFlagStatus
    usart1.o(i.fputc) refers to stm32f10x_usart.o(i.USART_SendData) for USART_SendData
    usart1.o(i.fputc) refers to stm32f10x_usart.o(i.USART_GetFlagStatus) for USART_GetFlagStatus
    usart1.o(i.uart2_init) refers to stm32f10x_rcc.o(i.RCC_APB1PeriphClockCmd) for RCC_APB1PeriphClockCmd
    usart1.o(i.uart2_init) refers to stm32f10x_rcc.o(i.RCC_APB2PeriphClockCmd) for RCC_APB2PeriphClockCmd
[...]
    xSuspendedTaskList                       0x200009bc   Data          20  tasks.o(.bss)
    .bss                                     0x200009d0   Section       40  timers.o(.bss)
    xActiveTimerList1                        0x200009d0   Data          20  timers.o(.bss)
    xActiveTimerList2                        0x200009e4   Data          20  timers.o(.bss)
    .bss                                     0x200009f8   Section    10240  heap_4.o(.bss)
    ucHeap                                   0x200009f8   Data       10240  heap_4.o(.bss)
    .bss                                     0x200031f8   Section     1024  u8g2_d_memory.o(.bss)
    buf                                      0x200031f8   Data        1024  u8g2_d_memory.o(.bss)
    .bss                                     0x200035f8   Section     1280  4g.o(.bss)
    HEAP                                     0x20003af8   Section      512  startup_stm32f10x_md.o(HEAP)
    STACK                                    0x20003cf8   Section     1024  startup_stm32f10x_md.o(STACK)

    Global Symbols

    Symbol Name                              Value     Ov Type        Size  Object(Section)

    BuildAttributes$$THM_ISAv4$P$D$K$B$S$PE$A:L22UL41UL21$X:L11$S22US41US21$IEEE1$IW$USESV6$~STKCKD$USESV7$~SHL$OSPACE$ROPI$EBA8$MICROLIB$REQ8$PRES8$EABIv2 0x00000000   Number         0  anon$$obj.o ABSOLUTE
    __ARM_use_no_argv                        0x00000000   Number         0  main.o ABSOLUTE
    _printf_a                                0x00000000   Number         0  stubs.o ABSOLUTE
    _printf_c                                0x00000000   Number         0  stubs.o ABSOLUTE
    _printf_charcount                        0x00000000   Number         0  stubs.o ABSOLUTE
    _printf_d                                0x00000000   Number         0  stubs.o ABSOLUTE
    _printf_e                                0x00000000   Number         0  stubs.o ABSOLUTE
    _printf_f                                0x00000000   Number         0  stubs.o ABSOLUTE
    _printf_flags                            0x00000000   Number         0  stubs.o ABSOLUTE
    _printf_fp_dec                           0x00000000   Number         0  stubs.o ABSOLUTE
    _printf_fp_hex                           0x00000000   Number         0  stubs.o ABSOLUTE
    _printf_g                                0x00000000   Number         0  stubs.o ABSOLUTE
    _printf_i                                0x00000000   Number         0  stubs.o ABSOLUTE
    _printf_int_dec                          0x00000000   Number         0  stubs.o ABSOLUTE
    _printf_l                                0x00000000   Number         0  stubs.o ABSOLUTE
    _printf_lc                               0x00000000   Number         0  stubs.o ABSOLUTE
    _printf_ll                               0x00000000   Number         0  stubs.o ABSOLUTE
    _printf_lld                              0x00000000   Number         0  stubs.o ABSOLUTE
    _printf_lli                              0x00000000   Number         0  stubs.o ABSOLUTE
    _printf_llo                              0x00000000   Number         0  stubs.o ABSOLUTE
    _printf_llu                              0x00000000   Number         0  stubs.o ABSOLUTE
    _printf_llx                              0x00000000   Number         0  stubs.o ABSOLUTE
    _printf_longlong_dec                     0x00000000   Number         0  stubs.o ABSOLUTE
    _printf_longlong_hex                     0x00000000   Number         0  stubs.o ABSOLUTE
    _printf_longlong_oct                     0x00000000   Number         0  stubs.o ABSOLUTE
    _printf_ls                               0x00000000   Number         0  stubs.o ABSOLUTE
    _printf_mbtowc                           0x00000000   Number         0  stubs.o ABSOLUTE
    _printf_n                                0x00000000   Number         0  stubs.o ABSOLUTE
    _printf_o                                0x00000000   Number         0  stubs.o ABSOLUTE
    _printf_p                                0x00000000   Number         0  stubs.o ABSOLUTE
    _printf_percent                          0x00000000   Number         0  stubs.o ABSOLUTE
    _printf_pre_padding                      0x00000000   Number         0  stubs.o ABSOLUTE
    _printf_return_value                     0x00000000   Number         0  stubs.o ABSOLUTE
    _printf_s                                0x00000000   Number         0  stubs.o ABSOLUTE
    _printf_sizespec                         0x00000000   Number         0  stubs.o ABSOLUTE
    _printf_str                              0x00000000   Number         0  stubs.o ABSOLUTE
    _printf_truncate_signed                  0x00000000   Number         0  stubs.o ABSOLUTE
    _printf_truncate_unsigned                0x00000000   Number         0  stubs.o ABSOLUTE
    _printf_u                                0x00000000   Number         0  stubs.o ABSOLUTE
    _printf_wc                               0x00000000   Number         0  stubs.o ABSOLUTE
    _printf_wctomb                           0x00000000   Number         0  stubs.o ABSOLUTE
    _printf_widthprec                        0x00000000   Number         0  stubs.o ABSOLUTE
    _printf_x                                0x00000000   Number         0  stubs.o ABSOLUTE
    __cpp_initialize__aeabi_                  - Undefined Weak Reference
    __cxa_finalize                            - Undefined Weak Reference
    __decompress                              - Undefined Weak Reference
    _clock_init                               - Undefined Weak Reference
    _microlib_exit                            - Undefined Weak Reference
    __Vectors_Size                           0x000000ec   Number         0  startup_stm32f10x_md.o ABSOLUTE
    __Vectors                                0x08000000   Data           4  startup_stm32f10x_md.o(RESET)
    __Vectors_End                            0x080000ec   Data           0  startup_stm32f10x_md.o(RESET)
    __main                                   0x080000ed   Thumb Code     0  entry.o(.ARM.Collect$$$$00000000)
    _main_stk                                0x080000ed   Thumb Code     0  entry2.o(.ARM.Collect$$$$00000001)
    _main_scatterload                        0x080000f1   Thumb Code     0  entry5.o(.ARM.Collect$$$$00000004)
    __main_after_scatterload                 0x080000f5   Thumb Code     0  entry5.o(.ARM.Collect$$$$00000004)
    _main_clock                              0x080000f5   Thumb Code     0  entry7b.o(.ARM.Collect$$$$00000008)
    _main_cpp_init                           0x080000f5   Thumb Code     0  entry8b.o(.ARM.Collect$$$$0000000A)
    _main_init                               0x080000f5   Thumb Code     0  entry9a.o(.ARM.Collect$$$$0000000B)
    __rt_final_cpp                           0x080000fd   Thumb Code     0  entry10a.o(.ARM.Collect$$$$0000000D)
    __rt_final_exit                          0x080000fd   Thumb Code     0  entry11a.o(.ARM.Collect$$$$0000000F)
    SVC_Handler                              0x08000101   Thumb Code    32  port.o(.emb_text)
    __asm___6_port_c_39a90d8d__prvStartFirstTask 0x08000125   Thumb Code    28  port.o(.emb_text)
    PendSV_Handler                           0x08000145   Thumb Code    72  port.o(.emb_text)
    vPortGetIPSR                             0x08000191   Thumb Code     6  port.o(.emb_text)
    Reset_Handler                            0x08000199   Thumb Code     8  startup_stm32f10x_md.o(.text)
    ADC1_2_IRQHandler                        0x080001b3   Thumb Code     0  startup_stm32f10x_md.o(.text)
    CAN1_RX1_IRQHandler                      0x080001b3   Thumb Code     0  startup_stm32f10x_md.o(.text)
    CAN1_SCE_IRQHandler                      0x080001b3   Thumb Code     0  startup_stm32f10x_md.o(.text)
    DMA1_Channel1_IRQHandler                 0x080001b3   Thumb Code     0  startup_stm32f10x_md.o(.text)
    DMA1_Channel2_IRQHandler                 0x080001b3   Thumb Code     0  startup_stm32f10x_md.o(.text)
    DMA1_Channel3_IRQHandler                 0x080001b3   Thumb Code     0  startup_stm32f10x_md.o(.text)
    DMA1_Channel4_IRQHandler                 0x080001b3   Thumb Code     0  startup_stm32f10x_md.o(.text)
    DMA1_Channel5_IRQHandler                 0x080001b3   Thumb Code     0  startup_stm32f10x_md.o(.text)
    DMA1_Channel6_IRQHandler                 0x080001b3   Thumb Code     0  startup_stm32f10x_md.o(.text)
    DMA1_Channel7_IRQHandler                 0x080001b3   Thumb Code     0  startup_stm32f10x_md.o(.text)
    EXTI0_IRQHandler                         0x080001b3   Thumb Code     0  startup_stm32f10x_md.o(.text)
    EXTI15_10_IRQHandler                     0x080001b3   Thumb Code     0  startup_stm32f10x_md.o(.text)
    EXTI1_IRQHandler                         0x080001b3   Thumb Code     0  startup_stm32f10x_md.o(.text)
    EXTI2_IRQHandler                         0x080001b3   Thumb Code     0  startup_stm32f10x_md.o(.text)
    EXTI3_IRQHandler                         0x080001b3   Thumb Code     0  startup_stm32f10x_md.o(.text)
    EXTI4_IRQHandler                         0x080001b3   Thumb Code     0  startup_stm32f10x_md.o(.text)
    EXTI9_5_IRQHandler                       0x080001b3   Thumb Code     0  startup_stm32f10x_md.o(.text)
    FLASH_IRQHandler                         0x080001b3   Thumb Code     0  startup_stm32f10x_md.o(.text)
    I2C1_ER_IRQHandler                       0x080001b3   Thumb Code     0  startup_stm32f10x_md.o(.text)
    I2C1_EV_IRQHandler                       0x080001b3   Thumb Code     0  startup_stm32f10x_md.o(.text)
    I2C2_ER_IRQHandler                       0x080001b3   Thumb Code     0  startup_stm32f10x_md.o(.text)
    I2C2_EV_IRQHandler                       0x080001b3   Thumb Code     0  startup_stm32f10x_md.o(.text)
    PVD_IRQHandler                           0x080001b3   Thumb Code     0  startup_stm32f10x_md.o(.text)
    RCC_IRQHandler                           0x080001b3   Thumb Code     0  startup_stm32f10x_md.o(.text)
    RTCAlarm_IRQHandler                      0x080001b3   Thumb Code     0  startup_stm32f10x_md.o(.text)
    SPI1_IRQHandler                          0x080001b3   Thumb Code     0  startup_stm32f10x_md.o(.text)
    SPI2_IRQHandler                          0x080001b3   Thumb Code     0  startup_stm32f10x_md.o(.text)
    TAMPER_IRQHandler                        0x080001b3   Thumb Code     0  startup_stm32f10x_md.o(.text)
    TIM1_BRK_IRQHandler                      0x080001b3   Thumb Code     0  startup_stm32f10x_md.o(.text)
    TIM1_CC_IRQHandler                       0x080001b3   Thumb Code     0  startup_stm32f10x_md.o(.text)
    TIM1_TRG_COM_IRQHandler                  0x080001b3   Thumb Code     0  startup_stm32f10x_md.o(.text)
    TIM1_UP_IRQHandler                       0x080001b3   Thumb Code     0  startup_stm32f10x_md.o(.text)
    TIM2_IRQHandler                          0x080001b3   Thumb Code     0  startup_stm32f10x_md.o(.text)
    TIM3_IRQHandler                          0x080001b3   Thumb Code     0  startup_stm32f10x_md.o(.text)
    TIM4_IRQHandler                          0x080001b3   Thumb Code     0  startup_stm32f10x_md.o(.text)
    USBWakeUp_IRQHandler                     0x080001b3   Thumb Code     0  startup_stm32f10x_md.o(.text)
    USB_HP_CAN1_TX_IRQHandler                0x080001b3   Thumb Code     0  startup_stm32f10x_md.o(.text)
    USB_LP_CAN1_RX0_IRQHandler               0x080001b3   Thumb Code     0  startup_stm32f10x_md.o(.text)
    WWDG_IRQHandler                          0x080001b3   Thumb Code     0  startup_stm32f10x_md.o(.text)
    __aeabi_memcpy                           0x080001bd   Thumb Code    36  memcpya.o(.text)
    __aeabi_memcpy4                          0x080001bd   Thumb Code     0  memcpya.o(.text)
    __aeabi_memcpy8                          0x080001bd   Thumb Code     0  memcpya.o(.text)
    __aeabi_memset                           0x080001e1   Thumb Code    14  memseta.o(.text)
    __aeabi_memset4                          0x080001e1   Thumb Code     0  memseta.o(.text)
    __aeabi_memset8                          0x080001e1   Thumb Code     0  memseta.o(.text)
    __aeabi_memclr                           0x080001ef   Thumb Code     4  memseta.o(.text)
    __aeabi_memclr4                          0x080001ef   Thumb Code     0  memseta.o(.text)
    __aeabi_memclr8                          0x080001ef   Thumb Code     0  memseta.o(.text)
    _memset$wrapper                          0x080001f3   Thumb Code    18  memseta.o(.text)
    strstr                                   0x08000205   Thumb Code    36  strstr.o(.text)
    strlen                                   0x08000229   Thumb Code    14  strlen.o(.text)
    strcmp                                   0x08000237   Thumb Code    28  strcmp.o(.text)
    __aeabi_uidiv                            0x08000253   Thumb Code     0  uidiv.o(.text)
    __aeabi_uidivmod                         0x08000253   Thumb Code    44  uidiv.o(.text)
    __aeabi_uldivmod                         0x0800027f   Thumb Code    98  uldiv.o(.text)
    __I$use$fp                               0x080002e1   Thumb Code     0  iusefp.o(.text)
    __aeabi_dadd                             0x080002e1   Thumb Code   322  dadd.o(.text)
    __aeabi_dsub                             0x08000423   Thumb Code     6  dadd.o(.text)
    __aeabi_drsub                            0x08000429   Thumb Code     6  dadd.o(.text)
    __aeabi_dmul                             0x0800042f   Thumb Code   228  dmul.o(.text)
    __aeabi_ddiv                             0x08000513   Thumb Code   222  ddiv.o(.text)
    __aeabi_d2ulz                            0x080005f1   Thumb Code    48  dfixul.o(.text)
    __aeabi_cdrcmple                         0x08000621   Thumb Code    48  cdrcmple.o(.text)
    __scatterload                            0x08000651   Thumb Code    28  init.o(.text)
    __scatterload_rt2                        0x08000651   Thumb Code     0  init.o(.text)
    __aeabi_llsl                             0x08000675   Thumb Code    30  llshl.o(.text)
    _ll_shift_l                              0x08000675   Thumb Code     0  llshl.o(.text)
    __aeabi_llsr                             0x08000693   Thumb Code    32  llushr.o(.text)
    _ll_ushift_r                             0x08000693   Thumb Code     0  llushr.o(.text)
    __aeabi_lasr                             0x080006b3   Thumb Code    36  llsshr.o(.text)
    _ll_sshift_r                             0x080006b3   Thumb Code     0  llsshr.o(.text)
    _double_round                            0x080006d7   Thumb Code    30  depilogue.o(.text)
    _double_epilogue                         0x080006f5   Thumb Code   156  depilogue.o(.text)
    AIR724_Clear                             0x08000791   Thumb Code    20  4g.o(i.AIR724_Clear)
    AIR724_Init                              0x080007ad   Thumb Code   124  4g.o(i.AIR724_Init)
    AIR724_SendCmd                           0x080008d9   Thumb Code    64  4g.o(i.AIR724_SendCmd)
    AIR724_WaitRecive                        0x08000921   Thumb Code    28  4g.o(i.AIR724_WaitRecive)
    BEEP_fun                                 0x08000941   Thumb Code    36  main.o(i.BEEP_fun)
    BKP_DeInit                               0x08000969   Thumb Code    18  stm32f10x_bkp.o(i.BKP_DeInit)
    BKP_ReadBackupRegister                   0x0800097d   Thumb Code    12  stm32f10x_bkp.o(i.BKP_ReadBackupRegister)
    BKP_WriteBackupRegister                  0x0800098d   Thumb Code    12  stm32f10x_bkp.o(i.BKP_WriteBackupRegister)
    BusFault_Handler                         0x0800099d   Thumb Code     2  stm32f10x_it.o(i.BusFault_Handler)
    ClearBitMask                             0x0800099f   Thumb Code    24  rc522_function.o(i.ClearBitMask)
    DebugMon_Handler                         0x080009b7   Thumb Code     2  stm32f10x_it.o(i.DebugMon_Handler)
    Delay_Init                               0x080009b9   Thumb Code    58  delay.o(i.Delay_Init)
    GPIO_Init                                0x08000a01   Thumb Code   162  stm32f10x_gpio.o(i.GPIO_Init)
    GPIO_PinRemapConfig                      0x08000aa5   Thumb Code    82  stm32f10x_gpio.o(i.GPIO_PinRemapConfig)
    GPIO_ReadInputDataBit                    0x08000afd   Thumb Code    14  stm32f10x_gpio.o(i.GPIO_ReadInputDataBit)
    GPIO_ResetBits                           0x08000b0b   Thumb Code     4  stm32f10x_gpio.o(i.GPIO_ResetBits)
    GPIO_SetBits                             0x08000b0f   Thumb Code     4  stm32f10x_gpio.o(i.GPIO_SetBits)
    GPIO_WriteBit                            0x08000b13   Thumb Code    10  stm32f10x_gpio.o(i.GPIO_WriteBit)
    HardFault_Handler                        0x08000b1d   Thumb Code     2  stm32f10x_it.o(i.HardFault_Handler)
    IIC_Init                                 0x08000b21   Thumb Code    40  u8g2_init.o(i.IIC_Init)
    IIC_SDASetInputMode                      0x08000b4d   Thumb Code    40  oled.o(i.IIC_SDASetInputMode)
    IIC_SDASetOutputMode                     0x08000b79   Thumb Code    40  oled.o(i.IIC_SDASetOutputMode)
    IIC_Start                                0x08000ba5   Thumb Code    74  oled.o(i.IIC_Start)
    IIC_Stop                                 0x08000bf5   Thumb Code    76  oled.o(i.IIC_Stop)
    IIC_Wait_Ack                             0x08000c45   Thumb Code    72  oled.o(i.IIC_Wait_Ack)
    Is_Leap_Year                             0x08000c91   Thumb Code    38  ds1302.o(i.Is_Leap_Year)
    KEY_Init                                 0x08000cb9   Thumb Code    38  key.o(i.KEY_Init)
    LED1_OFF                                 0x08000ce5   Thumb Code     8  led.o(i.LED1_OFF)
    LED1_ON                                  0x08000cf1   Thumb Code     8  led.o(i.LED1_ON)
    LED2_OFF                                 0x08000cfd   Thumb Code     8  led.o(i.LED2_OFF)
    LED2_ON                                  0x08000d09   Thumb Code     8  led.o(i.LED2_ON)
    LED3_OFF                                 0x08000d15   Thumb Code     8  led.o(i.LED3_OFF)
    LED3_ON                                  0x08000d21   Thumb Code     8  led.o(i.LED3_ON)
    LED_1_fun                                0x08000d2d   Thumb Code    20  main.o(i.LED_1_fun)
    LED_2_fun                                0x08000d45   Thumb Code    20  main.o(i.LED_2_fun)
    LED_3_fun                                0x08000d5d   Thumb Code    20  main.o(i.LED_3_fun)
    LED_Init                                 0x08000d75   Thumb Code    48  led.o(i.LED_Init)
    M500PcdConfigISOType                     0x08000da9   Thumb Code    86  rc522_function.o(i.M500PcdConfigISOType)
    MemManage_Handler                        0x08000dff   Thumb Code     2  stm32f10x_it.o(i.MemManage_Handler)
    NMI_Handler                              0x08000e01   Thumb Code     2  stm32f10x_it.o(i.NMI_Handler)
    NVIC_Init                                0x08000e05   Thumb Code    94  misc.o(i.NVIC_Init)
    NVIC_PriorityGroupConfig                 0x08000e69   Thumb Code    10  misc.o(i.NVIC_PriorityGroupConfig)
    OLED_Clear                               0x08000e7d   Thumb Code    58  oled.o(i.OLED_Clear)
    OLED_Init                                0x08000eb9   Thumb Code   264  oled.o(i.OLED_Init)
    OLED_Set_Pos                             0x08000fc5   Thumb Code    42  oled.o(i.OLED_Set_Pos)
    OLED_ShowChar                            0x08000ff1   Thumb Code   128  oled.o(i.OLED_ShowChar)
    OLED_ShowString                          0x08001079   Thumb Code    54  oled.o(i.OLED_ShowString)
    OLED_WR_Byte                             0x080010af   Thumb Code    12  oled.o(i.OLED_WR_Byte)
    PWR_BackupAccessCmd                      0x080010bd   Thumb Code     6  stm32f10x_pwr.o(i.PWR_BackupAccessCmd)
    PcdAntennaOn                             0x080010c9   Thumb Code    26  rc522_function.o(i.PcdAntennaOn)
    PcdAnticoll                              0x080010e3   Thumb Code   108  rc522_function.o(i.PcdAnticoll)
    PcdComMF522                              0x0800114f   Thumb Code   278  rc522_function.o(i.PcdComMF522)
    PcdRequest                               0x08001265   Thumb Code    82  rc522_function.o(i.PcdRequest)
    PcdReset                                 0x080012b9   Thumb Code   126  rc522_function.o(i.PcdReset)
    RC522_Init                               0x0800133d   Thumb Code    40  rc522_config.o(i.RC522_Init)
    RCC_APB1PeriphClockCmd                   0x0800140d   Thumb Code    18  stm32f10x_rcc.o(i.RCC_APB1PeriphClockCmd)
    RCC_APB2PeriphClockCmd                   0x08001425   Thumb Code    18  stm32f10x_rcc.o(i.RCC_APB2PeriphClockCmd)
    RCC_BackupResetCmd                       0x0800143d   Thumb Code     6  stm32f10x_rcc.o(i.RCC_BackupResetCmd)
    RCC_GetClocksFreq                        0x08001449   Thumb Code   128  stm32f10x_rcc.o(i.RCC_GetClocksFreq)
    RCC_GetFlagStatus                        0x080014d9   Thumb Code    44  stm32f10x_rcc.o(i.RCC_GetFlagStatus)
    RCC_LSEConfig                            0x08001509   Thumb Code    28  stm32f10x_rcc.o(i.RCC_LSEConfig)
    RCC_RTCCLKCmd                            0x08001529   Thumb Code     6  stm32f10x_rcc.o(i.RCC_RTCCLKCmd)
    RCC_RTCCLKConfig                         0x08001535   Thumb Code    10  stm32f10x_rcc.o(i.RCC_RTCCLKConfig)
    RTC_ClearITPendingBit                    0x08001545   Thumb Code    10  stm32f10x_rtc.o(i.RTC_ClearITPendingBit)
    RTC_EnterConfigMode                      0x08001555   Thumb Code    12  stm32f10x_rtc.o(i.RTC_EnterConfigMode)
    RTC_ExitConfigMode                       0x08001565   Thumb Code    12  stm32f10x_rtc.o(i.RTC_ExitConfigMode)
    RTC_Get                                  0x08001575   Thumb Code   202  ds1302.o(i.RTC_Get)
    RTC_GetITStatus                          0x08001651   Thumb Code    28  stm32f10x_rtc.o(i.RTC_GetITStatus)
    RTC_Get_Week                             0x08001671   Thumb Code    76  ds1302.o(i.RTC_Get_Week)
    RTC_IRQHandler                           0x080016c1   Thumb Code    28  ds1302.o(i.RTC_IRQHandler)
    RTC_ITConfig                             0x080016dd   Thumb Code    18  stm32f10x_rtc.o(i.RTC_ITConfig)
    RTC_Init                                 0x080016f5   Thumb Code   216  ds1302.o(i.RTC_Init)
    RTC_Set                                  0x080017cd   Thumb Code   186  ds1302.o(i.RTC_Set)
    RTC_SetCounter                           0x08001899   Thumb Code    26  stm32f10x_rtc.o(i.RTC_SetCounter)
    RTC_SetPrescaler                         0x080018b9   Thumb Code    28  stm32f10x_rtc.o(i.RTC_SetPrescaler)
    RTC_WaitForLastTask                      0x080018d9   Thumb Code    10  stm32f10x_rtc.o(i.RTC_WaitForLastTask)
    RTC_WaitForSynchro                       0x080018e9   Thumb Code    18  stm32f10x_rtc.o(i.RTC_WaitForSynchro)
    ReadRawRC                                0x08001901   Thumb Code    50  rc522_function.o(i.ReadRawRC)
    ReaderCard                               0x08001939   Thumb Code    62  rc522_function.o(i.ReaderCard)
    SG90_1_TIM2_pwm_init                     0x0800199d   Thumb Code   228  bsp_sg90.o(i.SG90_1_TIM2_pwm_init)
    SPI_RC522_ReadByte                       0x08001a8d   Thumb Code    84  rc522_function.o(i.SPI_RC522_ReadByte)
    SPI_RC522_SendByte                       0x08001ae5   Thumb Code    84  rc522_function.o(i.SPI_RC522_SendByte)
    SetBitMask                               0x08001b3d   Thumb Code    24  rc522_function.o(i.SetBitMask)
    SysTick_CLKSourceConfig                  0x08001bfd   Thumb Code    24  misc.o(i.SysTick_CLKSourceConfig)
    SysTick_Handler                          0x08001c15   Thumb Code    20  delay.o(i.SysTick_Handler)
    SystemInit                               0x08001c29   Thumb Code    64  system_stm32f10x.o(i.SystemInit)
    TIM_Cmd                                  0x08001c79   Thumb Code    20  stm32f10x_tim.o(i.TIM_Cmd)
    TIM_OC1Init                              0x08001c8d   Thumb Code   106  stm32f10x_tim.o(i.TIM_OC1Init)
    TIM_OC1PreloadConfig                     0x08001d0d   Thumb Code    12  stm32f10x_tim.o(i.TIM_OC1PreloadConfig)
    TIM_OC2Init                              0x08001d19   Thumb Code   120  stm32f10x_tim.o(i.TIM_OC2Init)
    TIM_OC2PreloadConfig                     0x08001d99   Thumb Code    20  stm32f10x_tim.o(i.TIM_OC2PreloadConfig)
    TIM_OC3Init                              0x08001dad   Thumb Code   116  stm32f10x_tim.o(i.TIM_OC3Init)
    TIM_OC3PreloadConfig                     0x08001e29   Thumb Code    12  stm32f10x_tim.o(i.TIM_OC3PreloadConfig)
    TIM_OC4Init                              0x08001e35   Thumb Code    90  stm32f10x_tim.o(i.TIM_OC4Init)
    TIM_OC4PreloadConfig                     0x08001e99   Thumb Code    20  stm32f10x_tim.o(i.TIM_OC4PreloadConfig)
    TIM_SetCompare1                          0x08001ead   Thumb Code     4  stm32f10x_tim.o(i.TIM_SetCompare1)
    TIM_SetCompare2                          0x08001eb1   Thumb Code     4  stm32f10x_tim.o(i.TIM_SetCompare2)
    TIM_SetCompare3                          0x08001eb5   Thumb Code     4  stm32f10x_tim.o(i.TIM_SetCompare3)
    TIM_TimeBaseInit                         0x08001eb9   Thumb Code   114  stm32f10x_tim.o(i.TIM_TimeBaseInit)
    USART1_IRQHandler                        0x08001f55   Thumb Code    40  usart1.o(i.USART1_IRQHandler)
    USART1_Init                              0x08001f89   Thumb Code   172  usart1.o(i.USART1_Init)
    USART2_IRQHandler                        0x0800203d   Thumb Code   128  4g.o(i.USART2_IRQHandler)
    USART3_IRQHandler                        0x080020cd   Thumb Code    88  usart1.o(i.USART3_IRQHandler)
    USART_ClearITPendingBit                  0x08002131   Thumb Code    12  stm32f10x_usart.o(i.USART_ClearITPendingBit)
    USART_Cmd                                0x0800213d   Thumb Code    20  stm32f10x_usart.o(i.USART_Cmd)
    USART_GetFlagStatus                      0x08002151   Thumb Code    14  stm32f10x_usart.o(i.USART_GetFlagStatus)
    USART_GetITStatus                        0x0800215f   Thumb Code    62  stm32f10x_usart.o(i.USART_GetITStatus)
    USART_ITConfig                           0x0800219d   Thumb Code    48  stm32f10x_usart.o(i.USART_ITConfig)
    USART_Init                               0x080021cd   Thumb Code   166  stm32f10x_usart.o(i.USART_Init)
    USART_ReceiveData                        0x08002279   Thumb Code     8  stm32f10x_usart.o(i.USART_ReceiveData)
    USART_SendData                           0x08002281   Thumb Code     8  stm32f10x_usart.o(i.USART_SendData)
    UsageFault_Handler                       0x08002289   Thumb Code     2  stm32f10x_it.o(i.UsageFault_Handler)
    Usart_SendString                         0x0800228d   Thumb Code    50  usart1.o(i.Usart_SendString)
    WriteRawRC                               0x080022c1   Thumb Code    50  rc522_function.o(i.WriteRawRC)
    Write_IIC_Byte                           0x080022f9   Thumb Code   120  oled.o(i.Write_IIC_Byte)
    Write_IIC_Command                        0x08002375   Thumb Code    46  oled.o(i.Write_IIC_Command)
    Write_IIC_Data                           0x080023a3   Thumb Code    46  oled.o(i.Write_IIC_Data)
    __0printf                                0x080023d1   Thumb Code    22  printfa.o(i.__0printf)
    __1printf                                0x080023d1   Thumb Code     0  printfa.o(i.__0printf)
    __2printf                                0x080023d1   Thumb Code     0  printfa.o(i.__0printf)
    __c89printf                              0x080023d1   Thumb Code     0  printfa.o(i.__0printf)
    printf                                   0x080023d1   Thumb Code     0  printfa.o(i.__0printf)
    __0sprintf                               0x080023f1   Thumb Code    34  printfa.o(i.__0sprintf)
    __1sprintf                               0x080023f1   Thumb Code     0  printfa.o(i.__0sprintf)
    __2sprintf                               0x080023f1   Thumb Code     0  printfa.o(i.__0sprintf)
    __c89sprintf                             0x080023f1   Thumb Code     0  printfa.o(i.__0sprintf)
    sprintf                                  0x080023f1   Thumb Code     0  printfa.o(i.__0sprintf)
    __scatterload_copy                       0x08002419   Thumb Code    14  handlers.o(i.__scatterload_copy)
    __scatterload_null                       0x08002427   Thumb Code     2  handlers.o(i.__scatterload_null)
    __scatterload_zeroinit                   0x08002429   Thumb Code    14  handlers.o(i.__scatterload_zeroinit)
    beep_init                                0x08002cf5   Thumb Code    48  bsp_beep.o(i.beep_init)
    create_menu                              0x08002d29   Thumb Code    46  main.o(i.create_menu)
    delay_ms                                 0x08002d5d   Thumb Code    52  delay.o(i.delay_ms)
    delay_s                                  0x08002d95   Thumb Code    28  delay.o(i.delay_s)
    delay_xms                                0x08002db1   Thumb Code    26  delay.o(i.delay_xms)
    delay_xus                                0x08002dcd   Thumb Code    48  delay.o(i.delay_xus)
    display_menu                             0x08002e01   Thumb Code   254  main.o(i.display_menu)
    fputc                                    0x08002f19   Thumb Code    30  usart1.o(i.fputc)
    main                                     0x08003019   Thumb Code   168  main.o(i.main)
    malloc                                   0x080030e9   Thumb Code    92  malloc.o(i.malloc)
    mission_1                                0x08003155   Thumb Code   260  main.o(i.mission_1)
    mission_2                                0x08003299   Thumb Code   412  main.o(i.mission_2)
    mission_3                                0x080034a5   Thumb Code   984  main.o(i.mission_3)
    pvPortMalloc                             0x080041b5   Thumb Code   214  heap_4.o(i.pvPortMalloc)
    pvTaskIncrementMutexHeldCount            0x080042c1   Thumb Code    18  tasks.o(i.pvTaskIncrementMutexHeldCount)
    pxPortInitialiseStack                    0x080042d9   Thumb Code    32  port.o(i.pxPortInitialiseStack)
    read_function                            0x080042fd   Thumb Code    92  main.o(i.read_function)
    sorting_function                         0x0800435d   Thumb Code    80  main.o(i.sorting_function)
    tcrt5000_1                               0x080043b1   Thumb Code    20  tcrt5000.o(i.tcrt5000_1)
    tcrt5000_1_init                          0x080043c9   Thumb Code    50  tcrt5000.o(i.tcrt5000_1_init)
    tcrt5000_2                               0x08004401   Thumb Code    20  tcrt5000.o(i.tcrt5000_2)
    tcrt5000_2_init                          0x08004419   Thumb Code    50  tcrt5000.o(i.tcrt5000_2_init)
    tcrt5000_3_init                          0x08004451   Thumb Code    50  tcrt5000.o(i.tcrt5000_3_init)
    tcrt5000_4_init                          0x08004489   Thumb Code    66  tcrt5000.o(i.tcrt5000_4_init)
    u8g2Init                                 0x080044d5   Thumb Code    38  u8g2_init.o(i.u8g2Init)
    u8g2_ClearBuffer                         0x08004509   Thumb Code    18  u8g2_buffer.o(i.u8g2_ClearBuffer)
    u8g2_DrawGlyph                           0x0800451b   Thumb Code   112  u8g2_font.o(i.u8g2_DrawGlyph)
    u8g2_DrawHVLine                          0x0800458d   Thumb Code   172  u8g2_hvline.o(i.u8g2_DrawHVLine)
    u8g2_DrawStr                             0x08004639   Thumb Code    12  u8g2_font.o(i.u8g2_DrawStr)
    u8g2_IsIntersection                      0x08004649   Thumb Code    48  u8g2_intersection.o(i.u8g2_IsIntersection)
    u8g2_SendBuffer                          0x08004679   Thumb Code    18  u8g2_buffer.o(i.u8g2_SendBuffer)
    u8g2_SetFont                             0x0800468b   Thumb Code    32  u8g2_font.o(i.u8g2_SetFont)
    u8g2_SetFontMode                         0x080046ab   Thumb Code     6  u8g2_font.o(i.u8g2_SetFontMode)
    u8g2_SetFontPosBaseline                  0x080046b1   Thumb Code     6  u8g2_font.o(i.u8g2_SetFontPosBaseline)
    u8g2_SetMaxClipWindow                    0x080046bd   Thumb Code    28  u8g2_setup.o(i.u8g2_SetMaxClipWindow)
    u8g2_SetupBuffer                         0x080046d9   Thumb Code    66  u8g2_setup.o(i.u8g2_SetupBuffer)
    u8g2_Setup_ssd1306_i2c_128x64_noname_f   0x0800471d   Thumb Code    42  u8g2_d_setup.o(i.u8g2_Setup_ssd1306_i2c_128x64_noname_f)
    u8g2_UpdateRefHeight                     0x08004755   Thumb Code    82  u8g2_font.o(i.u8g2_UpdateRefHeight)
    u8g2_add_vector_x                        0x080047a7   Thumb Code    28  u8g2_font.o(i.u8g2_add_vector_x)
    u8g2_add_vector_y                        0x080047c3   Thumb Code    28  u8g2_font.o(i.u8g2_add_vector_y)
    u8g2_draw_hv_line_2dir                   0x08004889   Thumb Code    18  u8g2_hvline.o(i.u8g2_draw_hv_line_2dir)
    u8g2_draw_l90_r0                         0x0800489b   Thumb Code    12  u8g2_setup.o(i.u8g2_draw_l90_r0)
    u8g2_font_calc_vref_font                 0x0800491d   Thumb Code     4  u8g2_font.o(i.u8g2_font_calc_vref_font)
    u8g2_font_decode_get_signed_bits         0x08004921   Thumb Code    20  u8g2_font.o(i.u8g2_font_decode_get_signed_bits)
    u8g2_font_decode_get_unsigned_bits       0x08004935   Thumb Code    52  u8g2_font.o(i.u8g2_font_decode_get_unsigned_bits)
    u8g2_font_decode_glyph                   0x08004969   Thumb Code   276  u8g2_font.o(i.u8g2_font_decode_glyph)
    u8g2_font_decode_len                     0x08004a7d   Thumb Code   140  u8g2_font.o(i.u8g2_font_decode_len)
    u8g2_font_get_glyph_data                 0x08004b09   Thumb Code   114  u8g2_font.o(i.u8g2_font_get_glyph_data)
    u8g2_is_intersection_decision_tree       0x08004bc3   Thumb Code    24  u8g2_intersection.o(i.u8g2_is_intersection_decision_tree)
    u8g2_ll_hvline_vertical_top_lsb          0x08004bdd   Thumb Code   144  u8g2_ll_hvline.o(i.u8g2_ll_hvline_vertical_top_lsb)
    u8g2_m_16_8_f                            0x08004c6d   Thumb Code     8  u8g2_d_memory.o(i.u8g2_m_16_8_f)
    u8g2_read_font_info                      0x08004c79   Thumb Code   106  u8g2_font.o(i.u8g2_read_font_info)
    u8g2_update_dimension_r0                 0x08004d77   Thumb Code     4  u8g2_setup.o(i.u8g2_update_dimension_r0)
    u8g2_update_page_win_r0                  0x08004d7b   Thumb Code    34  u8g2_setup.o(i.u8g2_update_page_win_r0)
    u8x8_DrawTile                            0x08004d9d   Thumb Code    30  u8x8_display.o(i.u8x8_DrawTile)
    u8x8_InitDisplay                         0x08004dbb   Thumb Code    16  u8x8_display.o(i.u8x8_InitDisplay)
    u8x8_RefreshDisplay                      0x08004dcb   Thumb Code    16  u8x8_display.o(i.u8x8_RefreshDisplay)
    u8x8_SetPowerSave                        0x08004ddb   Thumb Code    16  u8x8_display.o(i.u8x8_SetPowerSave)
    u8x8_Setup                               0x08004deb   Thumb Code    34  u8x8_setup.o(i.u8x8_Setup)
    u8x8_SetupDefaults                       0x08004e0d   Thumb Code    32  u8x8_setup.o(i.u8x8_SetupDefaults)
    u8x8_SetupMemory                         0x08004e31   Thumb Code    16  u8x8_display.o(i.u8x8_SetupMemory)
    u8x8_ascii_next                          0x08004e41   Thumb Code    14  u8x8_8x8.o(i.u8x8_ascii_next)
    u8x8_byte_EndTransfer                    0x08004e4f   Thumb Code    16  u8x8_byte.o(i.u8x8_byte_EndTransfer)
    u8x8_byte_SendByte                       0x08004e5f   Thumb Code    14  u8x8_byte.o(i.u8x8_byte_SendByte)
    u8x8_byte_StartTransfer                  0x08004e6d   Thumb Code    16  u8x8_byte.o(i.u8x8_byte_StartTransfer)
    u8x8_byte_sw_i2c                         0x08004e7d   Thumb Code   188  u8x8_byte.o(i.u8x8_byte_sw_i2c)
    u8x8_cad_EndTransfer                     0x08004f39   Thumb Code    16  u8x8_cad.o(i.u8x8_cad_EndTransfer)
    u8x8_cad_SendArg                         0x08004f49   Thumb Code    16  u8x8_cad.o(i.u8x8_cad_SendArg)
    u8x8_cad_SendCmd                         0x08004f59   Thumb Code    16  u8x8_cad.o(i.u8x8_cad_SendCmd)
    u8x8_cad_SendData                        0x08004f69   Thumb Code    16  u8x8_cad.o(i.u8x8_cad_SendData)
    u8x8_cad_SendSequence                    0x08004f79   Thumb Code   104  u8x8_cad.o(i.u8x8_cad_SendSequence)
    u8x8_cad_StartTransfer                   0x08004fe1   Thumb Code    16  u8x8_cad.o(i.u8x8_cad_StartTransfer)
    u8x8_cad_ssd13xx_fast_i2c                0x08004ff1   Thumb Code   182  u8x8_cad.o(i.u8x8_cad_ssd13xx_fast_i2c)
    u8x8_d_helper_display_init               0x080050ad   Thumb Code    96  u8x8_display.o(i.u8x8_d_helper_display_init)
    u8x8_d_helper_display_setup_memory       0x0800510d   Thumb Code    10  u8x8_display.o(i.u8x8_d_helper_display_setup_memory)
    u8x8_d_ssd1306_128x64_noname             0x08005119   Thumb Code    54  u8x8_d_ssd1306_128x64_noname.o(i.u8x8_d_ssd1306_128x64_noname)
    u8x8_dummy_cb                            0x0800521d   Thumb Code     4  u8x8_setup.o(i.u8x8_dummy_cb)
    u8x8_gpio_and_delay                      0x08005221   Thumb Code   142  u8g2_init.o(i.u8x8_gpio_and_delay)
    u8x8_gpio_call                           0x080052b5   Thumb Code    12  u8x8_gpio.o(i.u8x8_gpio_call)
    u8x8_utf8_init                           0x080052ed   Thumb Code     8  u8x8_8x8.o(i.u8x8_utf8_init)
    uart2_init                               0x080052f5   Thumb Code   154  usart1.o(i.uart2_init)
    uxListRemove                             0x08005399   Thumb Code    36  list.o(i.uxListRemove)
    vListInitialise                          0x080053bd   Thumb Code    22  list.o(i.vListInitialise)
    vListInitialiseItem                      0x080053d3   Thumb Code     6  list.o(i.vListInitialiseItem)
    vListInsert                              0x080053d9   Thumb Code    48  list.o(i.vListInsert)
    vListInsertEnd                           0x08005409   Thumb Code    24  list.o(i.vListInsertEnd)
    vPortEnterCritical                       0x08005421   Thumb Code    50  port.o(i.vPortEnterCritical)
    vPortExitCritical                        0x08005489   Thumb Code    34  port.o(i.vPortExitCritical)
    vPortFree                                0x080054dd   Thumb Code    94  heap_4.o(i.vPortFree)
    vPortSetupTimerInterrupt                 0x08005571   Thumb Code    26  port.o(i.vPortSetupTimerInterrupt)
    vPortValidateInterruptPriority           0x08005591   Thumb Code    70  port.o(i.vPortValidateInterruptPriority)
    vQueueAddToRegistry                      0x0800560d   Thumb Code    34  queue.o(i.vQueueAddToRegistry)
    vQueueWaitForMessageRestricted           0x08005635   Thumb Code    68  queue.o(i.vQueueWaitForMessageRestricted)
    vTaskCode                                0x08005679   Thumb Code    90  main.o(i.vTaskCode)
    vTaskCode2                               0x08005715   Thumb Code   182  main.o(i.vTaskCode2)
    vTaskDelay                               0x080058bd   Thumb Code    62  tasks.o(i.vTaskDelay)
    vTaskMissedYield                         0x08005931   Thumb Code     8  tasks.o(i.vTaskMissedYield)
    vTaskPlaceOnEventList                    0x0800593d   Thumb Code    44  tasks.o(i.vTaskPlaceOnEventList)
    vTaskPlaceOnEventListRestricted          0x08005999   Thumb Code    52  tasks.o(i.vTaskPlaceOnEventListRestricted)
    vTaskPriorityInherit                     0x080059fd   Thumb Code   124  tasks.o(i.vTaskPriorityInherit)
    vTaskSetTimeOutState                     0x08005a81   Thumb Code    30  tasks.o(i.vTaskSetTimeOutState)
    vTaskStartScheduler                      0x08005ad1   Thumb Code    96  tasks.o(i.vTaskStartScheduler)
    vTaskSuspendAll                          0x08005b6d   Thumb Code    10  tasks.o(i.vTaskSuspendAll)
    vTaskSwitchContext                       0x08005b7d   Thumb Code    80  tasks.o(i.vTaskSwitchContext)
    void_function                            0x08005c01   Thumb Code     2  main.o(i.void_function)
    wirte_function                           0x08005c05   Thumb Code    92  main.o(i.wirte_function)
    writeArea_fun                            0x08005c65   Thumb Code    72  main.o(i.writeArea_fun)
    xPortStartScheduler                      0x08005cd5   Thumb Code   102  port.o(i.xPortStartScheduler)
    xPortSysTickHandler                      0x08005d49   Thumb Code    38  port.o(i.xPortSysTickHandler)
    xQueueGenericCreate                      0x08005d75   Thumb Code    82  queue.o(i.xQueueGenericCreate)
    xQueueGenericReceive                     0x08005df5   Thumb Code   348  queue.o(i.xQueueGenericReceive)
    xQueueGenericReset                       0x08005f81   Thumb Code   128  queue.o(i.xQueueGenericReset)
    xQueueGenericSend                        0x08006031   Thumb Code   344  queue.o(i.xQueueGenericSend)
    xQueueGenericSendFromISR                 0x080061b9   Thumb Code   190  queue.o(i.xQueueGenericSendFromISR)
    xTaskCheckForTimeOut                     0x080062a5   Thumb Code    94  tasks.o(i.xTaskCheckForTimeOut)
    xTaskCreate                              0x08006335   Thumb Code    86  tasks.o(i.xTaskCreate)
    xTaskGetSchedulerState                   0x0800638d   Thumb Code    22  tasks.o(i.xTaskGetSchedulerState)
    xTaskGetTickCount                        0x080063a9   Thumb Code     6  tasks.o(i.xTaskGetTickCount)
    xTaskIncrementTick                       0x080063b5   Thumb Code   188  tasks.o(i.xTaskIncrementTick)
    xTaskPriorityDisinherit                  0x080064a5   Thumb Code   136  tasks.o(i.xTaskPriorityDisinherit)
    xTaskRemoveFromEventList                 0x08006561   Thumb Code   102  tasks.o(i.xTaskRemoveFromEventList)
    xTaskResumeAll                           0x08006601   Thumb Code   182  tasks.o(i.xTaskResumeAll)
    xTimerCreate                             0x080066f1   Thumb Code    74  timers.o(i.xTimerCreate)
    xTimerCreateTimerTask                    0x08006769   Thumb Code    58  timers.o(i.xTimerCreateTimerTask)
    xTimerGenericCommand                     0x080067e1   Thumb Code    98  timers.o(i.xTimerGenericCommand)
    table_week                               0x08006874   Data          12  ds1302.o(.constdata)
    mon_table                                0x08006880   Data          12  ds1302.o(.constdata)
    F6x8                                     0x0800688c   Data         552  oled.o(.constdata)
    F8X16                                    0x08006ab4   Data        1520  oled.o(.constdata)
    u8g2_font_unifont_t_symbols              0x080070a4   Data        8999  u8g2_fonts.o(.constdata)
    u8g2_cb_r0                               0x080093cc   Data          12  u8g2_setup.o(.constdata)
    Region$$Table$$Base                      0x0800957c   Number         0  anon$$obj.o(Region$$Table)
    Region$$Table$$Limit                     0x0800959c   Number         0  anon$$obj.o(Region$$Table)
    fac_ms                                   0x20000000   Data           4  delay.o(.data)
    fac_us                                   0x20000004   Data           4  delay.o(.data)
    U3_RX_Cmd                                0x20000008   Data           1  usart1.o(.data)
    U3_RX_Cnt                                0x2000000a   Data           2  usart1.o(.data)
    usart1_recvcnt                           0x2000000c   Data           4  usart1.o(.data)
    LED_1_flag                               0x20000010   Data           1  main.o(.data)
    LED_2_flag                               0x20000011   Data           1  main.o(.data)
    LED_3_flag                               0x20000012   Data           1  main.o(.data)
    A_Area_flag                              0x20000014   Data           4  main.o(.data)
    B_Area_flag                              0x20000018   Data           4  main.o(.data)
    C_Area_flag                              0x2000001c   Data           4  main.o(.data)
    SystemCoreClock                          0x20000020   Data           4  system_stm32f10x.o(.data)
    AHBPrescTable                            0x20000024   Data          16  system_stm32f10x.o(.data)
    calendar                                 0x20000036   Data           8  ds1302.o(.data)
    card1_bit                                0x2000003e   Data           1  rc522_function.o(.data)
    card2_bit                                0x2000003f   Data           1  rc522_function.o(.data)
    card3_bit                                0x20000040   Data           1  rc522_function.o(.data)
    DATA_B                                   0x20000041   Data           1  rc522_function.o(.data)
    DATA_C                                   0x20000042   Data           1  rc522_function.o(.data)
    addr                                     0x20000043   Data           1  rc522_function.o(.data)
    status                                   0x20000044   Data           1  rc522_function.o(.data)
    CT                                       0x20000045   Data           2  rc522_function.o(.data)
    card_1                                   0x20000047   Data           4  rc522_function.o(.data)
    card_2                                   0x2000004b   Data           4  rc522_function.o(.data)
    card_3                                   0x2000004f   Data           4  rc522_function.o(.data)
    Temp                                     0x20000053   Data           4  rc522_function.o(.data)
    SN                                       0x20000057   Data           4  rc522_function.o(.data)
    UID                                      0x2000005b   Data           5  rc522_function.o(.data)
    KEY_A                                    0x20000060   Data           6  rc522_function.o(.data)
    KEY_B                                    0x20000066   Data           6  rc522_function.o(.data)
    DATA1                                    0x2000006c   Data          16  rc522_function.o(.data)
    pxCurrentTCB                             0x20000090   Data           4  tasks.o(.data)
    U2_RX_Cmd                                0x2000010a   Data           1  4g.o(.data)
    air724_cnt                               0x2000010c   Data           2  4g.o(.data)
    air724_cntPre                            0x2000010e   Data           2  4g.o(.data)
    U2_RX_Cnt                                0x20000110   Data           2  4g.o(.data)
    __stdout                                 0x20000114   Data           4  stdout.o(.data)
    __microlib_freelist                      0x20000118   Data           4  mvars.o(.data)
    __microlib_freelist_initialised          0x2000011c   Data           4  mvars.o(.data)
    U3_RX_BUF                                0x20000120   Data        1024  usart1.o(.bss)
    usart1_recvbuf                           0x20000520   Data         128  usart1.o(.bss)
    u8g2                                     0x200005a0   Data         148  main.o(.bss)
    data                                     0x20000634   Data          56  main.o(.bss)
    DATA0                                    0x2000066c   Data          16  rc522_function.o(.bss)
    DATA                                     0x2000069a   Data          16  rc522_function.o(.bss)
    xQueueRegistry                           0x200006ac   Data          64  queue.o(.bss)
    U2_RX_BUF                                0x200035f8   Data        1024  4g.o(.bss)
    air724_buf                               0x200039f8   Data         256  4g.o(.bss)
    __heap_base                              0x20003af8   Data           0  startup_stm32f10x_md.o(HEAP)
    __heap_limit                             0x20003cf8   Data           0  startup_stm32f10x_md.o(HEAP)
    __initial_sp                             0x200040f8   Data           0  startup_stm32f10x_md.o(STACK)



==============================================================================

Memory Map of the image

  Image Entry point : 0x080000ed

  Load Region LR_IROM1 (Base: 0x08000000, Size: 0x000096bc, Max: 0x00010000, ABSOLUTE)

    Execution Region ER_IROM1 (Exec base: 0x08000000, Load base: 0x08000000, Size: 0x0000959c, Max: 0x00010000, ABSOLUTE)

    Exec Addr    Load Addr    Size         Type   Attr      Idx    E Section Name        Object

    0x08000000   0x08000000   0x000000ec   Data   RO           19    RESET               startup_stm32f10x_md.o
    0x080000ec   0x080000ec   0x00000000   Code   RO         8671  * .ARM.Collect$$$$00000000  mc_w.l(entry.o)
    0x080000ec   0x080000ec   0x00000004   Code   RO         8979    .ARM.Collect$$$$00000001  mc_w.l(entry2.o)
    0x080000f0   0x080000f0   0x00000004   Code   RO         8982    .ARM.Collect$$$$00000004  mc_w.l(entry5.o)
    0x080000f4   0x080000f4   0x00000000   Code   RO         8984    .ARM.Collect$$$$00000008  mc_w.l(entry7b.o)
    0x080000f4   0x080000f4   0x00000000   Code   RO         8986    .ARM.Collect$$$$0000000A  mc_w.l(entry8b.o)
    0x080000f4   0x080000f4   0x00000008   Code   RO         8987    .ARM.Collect$$$$0000000B  mc_w.l(entry9a.o)
    0x080000fc   0x080000fc   0x00000000   Code   RO         8989    .ARM.Collect$$$$0000000D  mc_w.l(entry10a.o)
    0x080000fc   0x080000fc   0x00000000   Code   RO         8991    .ARM.Collect$$$$0000000F  mc_w.l(entry11a.o)
    0x080000fc   0x080000fc   0x00000004   Code   RO         8980    .ARM.Collect$$$$00002712  mc_w.l(entry2.o)
    0x08000100   0x08000100   0x00000096   Code   RO         3959    .emb_text           port.o
    0x08000196   0x08000196   0x00000002   PAD
    0x08000198   0x08000198   0x00000024   Code   RO           20    .text               startup_stm32f10x_md.o
    0x080001bc   0x080001bc   0x00000024   Code   RO         8674    .text               mc_w.l(memcpya.o)
    0x080001e0   0x080001e0   0x00000024   Code   RO         8676    .text               mc_w.l(memseta.o)
    0x08000204   0x08000204   0x00000024   Code   RO         8678    .text               mc_w.l(strstr.o)
    0x08000228   0x08000228   0x0000000e   Code   RO         8682    .text               mc_w.l(strlen.o)
    0x08000236   0x08000236   0x0000001c   Code   RO         8684    .text               mc_w.l(strcmp.o)
    0x08000252   0x08000252   0x0000002c   Code   RO         8994    .text               mc_w.l(uidiv.o)
    0x0800027e   0x0800027e   0x00000062   Code   RO         8996    .text               mc_w.l(uldiv.o)
    0x080002e0   0x080002e0   0x00000000   Code   RO         9000    .text               mc_w.l(iusefp.o)
    0x080002e0   0x080002e0   0x0000014e   Code   RO         9001    .text               mf_w.l(dadd.o)
    0x0800042e   0x0800042e   0x000000e4   Code   RO         9003    .text               mf_w.l(dmul.o)
    0x08000512   0x08000512   0x000000de   Code   RO         9005    .text               mf_w.l(ddiv.o)
    0x080005f0   0x080005f0   0x00000030   Code   RO         9007    .text               mf_w.l(dfixul.o)
    0x08000620   0x08000620   0x00000030   Code   RO         9009    .text               mf_w.l(cdrcmple.o)
    0x08000650   0x08000650   0x00000024   Code   RO         9011    .text               mc_w.l(init.o)
    0x08000674   0x08000674   0x0000001e   Code   RO         9013    .text               mc_w.l(llshl.o)
    0x08000692   0x08000692   0x00000020   Code   RO         9015    .text               mc_w.l(llushr.o)
    0x080006b2   0x080006b2   0x00000024   Code   RO         9017    .text               mc_w.l(llsshr.o)
    0x080006d6   0x080006d6   0x000000ba   Code   RO         9019    .text               mf_w.l(depilogue.o)
    0x08000790   0x08000790   0x0000001c   Code   RO         8609    i.AIR724_Clear      4g.o
    0x080007ac   0x080007ac   0x0000012c   Code   RO         8611    i.AIR724_Init       4g.o
    0x080008d8   0x080008d8   0x00000048   Code   RO         8612    i.AIR724_SendCmd    4g.o
    0x08000920   0x08000920   0x00000020   Code   RO         8614    i.AIR724_WaitRecive  4g.o
    0x08000940   0x08000940   0x00000028   Code   RO          263    i.BEEP_fun          main.o
    0x08000968   0x08000968   0x00000012   Code   RO         3001    i.BKP_DeInit        stm32f10x_bkp.o
    0x0800097a   0x0800097a   0x00000002   PAD
    0x0800097c   0x0800097c   0x00000010   Code   RO         3006    i.BKP_ReadBackupRegister  stm32f10x_bkp.o
    0x0800098c   0x0800098c   0x00000010   Code   RO         3010    i.BKP_WriteBackupRegister  stm32f10x_bkp.o
    0x0800099c   0x0800099c   0x00000002   Code   RO          466    i.BusFault_Handler  stm32f10x_it.o
    0x0800099e   0x0800099e   0x00000018   Code   RO          741    i.ClearBitMask      rc522_function.o
    0x080009b6   0x080009b6   0x00000002   Code   RO          467    i.DebugMon_Handler  stm32f10x_it.o
    0x080009b8   0x080009b8   0x00000048   Code   RO           24    i.Delay_Init        delay.o
    0x08000a00   0x08000a00   0x000000a2   Code   RO         1295    i.GPIO_Init         stm32f10x_gpio.o
    0x08000aa2   0x08000aa2   0x00000002   PAD
    0x08000aa4   0x08000aa4   0x00000058   Code   RO         1297    i.GPIO_PinRemapConfig  stm32f10x_gpio.o
    0x08000afc   0x08000afc   0x0000000e   Code   RO         1299    i.GPIO_ReadInputDataBit  stm32f10x_gpio.o
    0x08000b0a   0x08000b0a   0x00000004   Code   RO         1302    i.GPIO_ResetBits    stm32f10x_gpio.o
    0x08000b0e   0x08000b0e   0x00000004   Code   RO         1303    i.GPIO_SetBits      stm32f10x_gpio.o
    0x08000b12   0x08000b12   0x0000000a   Code   RO         1306    i.GPIO_WriteBit     stm32f10x_gpio.o
    0x08000b1c   0x08000b1c   0x00000002   Code   RO          468    i.HardFault_Handler  stm32f10x_it.o
    0x08000b1e   0x08000b1e   0x00000002   PAD
    0x08000b20   0x08000b20   0x0000002c   Code   RO         7148    i.IIC_Init          u8g2_init.o
    0x08000b4c   0x08000b4c   0x0000002c   Code   RO          993    i.IIC_SDASetInputMode  oled.o
    0x08000b78   0x08000b78   0x0000002c   Code   RO          994    i.IIC_SDASetOutputMode  oled.o
    0x08000ba4   0x08000ba4   0x00000050   Code   RO          995    i.IIC_Start         oled.o
    0x08000bf4   0x08000bf4   0x00000050   Code   RO          996    i.IIC_Stop          oled.o
    0x08000c44   0x08000c44   0x0000004c   Code   RO          997    i.IIC_Wait_Ack      oled.o
    0x08000c90   0x08000c90   0x00000026   Code   RO          552    i.Is_Leap_Year      ds1302.o
    0x08000cb6   0x08000cb6   0x00000002   PAD
    0x08000cb8   0x08000cb8   0x0000002c   Code   RO          608    i.KEY_Init          key.o
    0x08000ce4   0x08000ce4   0x0000000c   Code   RO          657    i.LED1_OFF          led.o
    0x08000cf0   0x08000cf0   0x0000000c   Code   RO          658    i.LED1_ON           led.o
    0x08000cfc   0x08000cfc   0x0000000c   Code   RO          660    i.LED2_OFF          led.o
    0x08000d08   0x08000d08   0x0000000c   Code   RO          661    i.LED2_ON           led.o
    0x08000d14   0x08000d14   0x0000000c   Code   RO          663    i.LED3_OFF          led.o
    0x08000d20   0x08000d20   0x0000000c   Code   RO          664    i.LED3_ON           led.o
    0x08000d2c   0x08000d2c   0x00000018   Code   RO          264    i.LED_1_fun         main.o
    0x08000d44   0x08000d44   0x00000018   Code   RO          265    i.LED_2_fun         main.o
    0x08000d5c   0x08000d5c   0x00000018   Code   RO          266    i.LED_3_fun         main.o
    0x08000d74   0x08000d74   0x00000034   Code   RO          666    i.LED_Init          led.o
    0x08000da8   0x08000da8   0x00000056   Code   RO          743    i.M500PcdConfigISOType  rc522_function.o
    0x08000dfe   0x08000dfe   0x00000002   Code   RO          469    i.MemManage_Handler  stm32f10x_it.o
    0x08000e00   0x08000e00   0x00000002   Code   RO          470    i.NMI_Handler       stm32f10x_it.o
    0x08000e02   0x08000e02   0x00000002   PAD
    0x08000e04   0x08000e04   0x00000064   Code   RO         1157    i.NVIC_Init         misc.o
    0x08000e68   0x08000e68   0x00000014   Code   RO         1158    i.NVIC_PriorityGroupConfig  misc.o
    0x08000e7c   0x08000e7c   0x0000003a   Code   RO          998    i.OLED_Clear        oled.o
    0x08000eb6   0x08000eb6   0x00000002   PAD
    0x08000eb8   0x08000eb8   0x0000010c   Code   RO         1002    i.OLED_Init         oled.o
    0x08000fc4   0x08000fc4   0x0000002a   Code   RO         1004    i.OLED_Set_Pos      oled.o
    0x08000fee   0x08000fee   0x00000002   PAD
    0x08000ff0   0x08000ff0   0x00000088   Code   RO         1006    i.OLED_ShowChar     oled.o
    0x08001078   0x08001078   0x00000036   Code   RO         1008    i.OLED_ShowString   oled.o
    0x080010ae   0x080010ae   0x0000000c   Code   RO         1009    i.OLED_WR_Byte      oled.o
    0x080010ba   0x080010ba   0x00000002   PAD
    0x080010bc   0x080010bc   0x0000000c   Code   RO         1607    i.PWR_BackupAccessCmd  stm32f10x_pwr.o
    0x080010c8   0x080010c8   0x0000001a   Code   RO          745    i.PcdAntennaOn      rc522_function.o
    0x080010e2   0x080010e2   0x0000006c   Code   RO          746    i.PcdAnticoll       rc522_function.o
    0x0800114e   0x0800114e   0x00000116   Code   RO          748    i.PcdComMF522       rc522_function.o
    0x08001264   0x08001264   0x00000052   Code   RO          751    i.PcdRequest        rc522_function.o
    0x080012b6   0x080012b6   0x00000002   PAD
    0x080012b8   0x080012b8   0x00000084   Code   RO          752    i.PcdReset          rc522_function.o
    0x0800133c   0x0800133c   0x0000002c   Code   RO          723    i.RC522_Init        rc522_config.o
    0x08001368   0x08001368   0x000000a4   Code   RO          724    i.RC522_SPI_Config  rc522_config.o
    0x0800140c   0x0800140c   0x00000018   Code   RO         1669    i.RCC_APB1PeriphClockCmd  stm32f10x_rcc.o
    0x08001424   0x08001424   0x00000018   Code   RO         1671    i.RCC_APB2PeriphClockCmd  stm32f10x_rcc.o
    0x0800143c   0x0800143c   0x0000000c   Code   RO         1674    i.RCC_BackupResetCmd  stm32f10x_rcc.o
    0x08001448   0x08001448   0x00000090   Code   RO         1679    i.RCC_GetClocksFreq  stm32f10x_rcc.o
    0x080014d8   0x080014d8   0x00000030   Code   RO         1680    i.RCC_GetFlagStatus  stm32f10x_rcc.o
    0x08001508   0x08001508   0x00000020   Code   RO         1687    i.RCC_LSEConfig     stm32f10x_rcc.o
    0x08001528   0x08001528   0x0000000c   Code   RO         1694    i.RCC_RTCCLKCmd     stm32f10x_rcc.o
    0x08001534   0x08001534   0x00000010   Code   RO         1695    i.RCC_RTCCLKConfig  stm32f10x_rcc.o
    0x08001544   0x08001544   0x00000010   Code   RO         1868    i.RTC_ClearITPendingBit  stm32f10x_rtc.o
    0x08001554   0x08001554   0x00000010   Code   RO         1869    i.RTC_EnterConfigMode  stm32f10x_rtc.o
    0x08001564   0x08001564   0x00000010   Code   RO         1870    i.RTC_ExitConfigMode  stm32f10x_rtc.o
    0x08001574   0x08001574   0x000000dc   Code   RO          553    i.RTC_Get           ds1302.o
    0x08001650   0x08001650   0x00000020   Code   RO         1874    i.RTC_GetITStatus   stm32f10x_rtc.o
    0x08001670   0x08001670   0x00000050   Code   RO          554    i.RTC_Get_Week      ds1302.o
    0x080016c0   0x080016c0   0x0000001c   Code   RO          555    i.RTC_IRQHandler    ds1302.o
    0x080016dc   0x080016dc   0x00000018   Code   RO         1875    i.RTC_ITConfig      stm32f10x_rtc.o
    0x080016f4   0x080016f4   0x000000d8   Code   RO          556    i.RTC_Init          ds1302.o
    0x080017cc   0x080017cc   0x000000cc   Code   RO          557    i.RTC_Set           ds1302.o
    0x08001898   0x08001898   0x00000020   Code   RO         1877    i.RTC_SetCounter    stm32f10x_rtc.o
    0x080018b8   0x080018b8   0x00000020   Code   RO         1878    i.RTC_SetPrescaler  stm32f10x_rtc.o
    0x080018d8   0x080018d8   0x00000010   Code   RO         1879    i.RTC_WaitForLastTask  stm32f10x_rtc.o
    0x080018e8   0x080018e8   0x00000018   Code   RO         1880    i.RTC_WaitForSynchro  stm32f10x_rtc.o
    0x08001900   0x08001900   0x00000038   Code   RO          756    i.ReadRawRC         rc522_function.o
    0x08001938   0x08001938   0x00000064   Code   RO          757    i.ReaderCard        rc522_function.o
    0x0800199c   0x0800199c   0x000000f0   Code   RO          921    i.SG90_1_TIM2_pwm_init  bsp_sg90.o
    0x08001a8c   0x08001a8c   0x00000058   Code   RO          758    i.SPI_RC522_ReadByte  rc522_function.o
    0x08001ae4   0x08001ae4   0x00000058   Code   RO          759    i.SPI_RC522_SendByte  rc522_function.o
    0x08001b3c   0x08001b3c   0x00000018   Code   RO          760    i.SetBitMask        rc522_function.o
    0x08001b54   0x08001b54   0x000000a8   Code   RO          511    i.SetSysClockTo72   system_stm32f10x.o
    0x08001bfc   0x08001bfc   0x00000018   Code   RO         1161    i.SysTick_CLKSourceConfig  misc.o
    0x08001c14   0x08001c14   0x00000014   Code   RO           25    i.SysTick_Handler   delay.o
    0x08001c28   0x08001c28   0x00000050   Code   RO          513    i.SystemInit        system_stm32f10x.o
    0x08001c78   0x08001c78   0x00000014   Code   RO         2300    i.TIM_Cmd           stm32f10x_tim.o
    0x08001c8c   0x08001c8c   0x00000080   Code   RO         2329    i.TIM_OC1Init       stm32f10x_tim.o
    0x08001d0c   0x08001d0c   0x0000000c   Code   RO         2332    i.TIM_OC1PreloadConfig  stm32f10x_tim.o
    0x08001d18   0x08001d18   0x00000080   Code   RO         2334    i.TIM_OC2Init       stm32f10x_tim.o
    0x08001d98   0x08001d98   0x00000014   Code   RO         2337    i.TIM_OC2PreloadConfig  stm32f10x_tim.o
    0x08001dac   0x08001dac   0x0000007c   Code   RO         2339    i.TIM_OC3Init       stm32f10x_tim.o
    0x08001e28   0x08001e28   0x0000000c   Code   RO         2342    i.TIM_OC3PreloadConfig  stm32f10x_tim.o
    0x08001e34   0x08001e34   0x00000064   Code   RO         2344    i.TIM_OC4Init       stm32f10x_tim.o
    0x08001e98   0x08001e98   0x00000014   Code   RO         2346    i.TIM_OC4PreloadConfig  stm32f10x_tim.o
    0x08001eac   0x08001eac   0x00000004   Code   RO         2361    i.TIM_SetCompare1   stm32f10x_tim.o
    0x08001eb0   0x08001eb0   0x00000004   Code   RO         2362    i.TIM_SetCompare2   stm32f10x_tim.o
    0x08001eb4   0x08001eb4   0x00000004   Code   RO         2363    i.TIM_SetCompare3   stm32f10x_tim.o
    0x08001eb8   0x08001eb8   0x0000009c   Code   RO         2371    i.TIM_TimeBaseInit  stm32f10x_tim.o
    0x08001f54   0x08001f54   0x00000034   Code   RO          189    i.USART1_IRQHandler  usart1.o
    0x08001f88   0x08001f88   0x000000b4   Code   RO          190    i.USART1_Init       usart1.o
    0x0800203c   0x0800203c   0x00000090   Code   RO         8615    i.USART2_IRQHandler  4g.o
    0x080020cc   0x080020cc   0x00000064   Code   RO          191    i.USART3_IRQHandler  usart1.o
    0x08002130   0x08002130   0x0000000c   Code   RO         2820    i.USART_ClearITPendingBit  stm32f10x_usart.o
    0x0800213c   0x0800213c   0x00000014   Code   RO         2823    i.USART_Cmd         stm32f10x_usart.o
    0x08002150   0x08002150   0x0000000e   Code   RO         2826    i.USART_GetFlagStatus  stm32f10x_usart.o
    0x0800215e   0x0800215e   0x0000003e   Code   RO         2827    i.USART_GetITStatus  stm32f10x_usart.o
    0x0800219c   0x0800219c   0x00000030   Code   RO         2829    i.USART_ITConfig    stm32f10x_usart.o
    0x080021cc   0x080021cc   0x000000ac   Code   RO         2830    i.USART_Init        stm32f10x_usart.o
    0x08002278   0x08002278   0x00000008   Code   RO         2837    i.USART_ReceiveData  stm32f10x_usart.o
    0x08002280   0x08002280   0x00000008   Code   RO         2840    i.USART_SendData    stm32f10x_usart.o
    0x08002288   0x08002288   0x00000002   Code   RO          471    i.UsageFault_Handler  stm32f10x_it.o
    0x0800228a   0x0800228a   0x00000002   PAD
    0x0800228c   0x0800228c   0x00000032   Code   RO          193    i.Usart_SendString  usart1.o
    0x080022be   0x080022be   0x00000002   PAD
    0x080022c0   0x080022c0   0x00000038   Code   RO          762    i.WriteRawRC        rc522_function.o
    0x080022f8   0x080022f8   0x0000007c   Code   RO         1010    i.Write_IIC_Byte    oled.o
    0x08002374   0x08002374   0x0000002e   Code   RO         1011    i.Write_IIC_Command  oled.o
    0x080023a2   0x080023a2   0x0000002e   Code   RO         1012    i.Write_IIC_Data    oled.o
    0x080023d0   0x080023d0   0x00000020   Code   RO         8923    i.__0printf         mc_w.l(printfa.o)
    0x080023f0   0x080023f0   0x00000028   Code   RO         8925    i.__0sprintf        mc_w.l(printfa.o)
    0x08002418   0x08002418   0x0000000e   Code   RO         9023    i.__scatterload_copy  mc_w.l(handlers.o)
    0x08002426   0x08002426   0x00000002   Code   RO         9024    i.__scatterload_null  mc_w.l(handlers.o)
    0x08002428   0x08002428   0x0000000e   Code   RO         9025    i.__scatterload_zeroinit  mc_w.l(handlers.o)
    0x08002436   0x08002436   0x00000002   PAD
    0x08002438   0x08002438   0x00000184   Code   RO         8930    i._fp_digits        mc_w.l(printfa.o)
    0x080025bc   0x080025bc   0x000006dc   Code   RO         8931    i._printf_core      mc_w.l(printfa.o)
    0x08002c98   0x08002c98   0x00000024   Code   RO         8932    i._printf_post_padding  mc_w.l(printfa.o)
    0x08002cbc   0x08002cbc   0x0000002e   Code   RO         8933    i._printf_pre_padding  mc_w.l(printfa.o)
    0x08002cea   0x08002cea   0x0000000a   Code   RO         8935    i._sputc            mc_w.l(printfa.o)
    0x08002cf4   0x08002cf4   0x00000034   Code   RO          540    i.beep_init         bsp_beep.o
    0x08002d28   0x08002d28   0x00000034   Code   RO          267    i.create_menu       main.o
    0x08002d5c   0x08002d5c   0x00000038   Code   RO           26    i.delay_ms          delay.o
    0x08002d94   0x08002d94   0x0000001c   Code   RO           27    i.delay_s           delay.o
    0x08002db0   0x08002db0   0x0000001a   Code   RO           28    i.delay_xms         delay.o
    0x08002dca   0x08002dca   0x00000002   PAD
    0x08002dcc   0x08002dcc   0x00000034   Code   RO           29    i.delay_xus         delay.o
    0x08002e00   0x08002e00   0x00000118   Code   RO          268    i.display_menu      main.o
    0x08002f18   0x08002f18   0x00000024   Code   RO          194    i.fputc             usart1.o
    0x08002f3c   0x08002f3c   0x00000008   Code   RO         7778    i.i2c_clear_scl     u8x8_byte.o
    0x08002f44   0x08002f44   0x00000008   Code   RO         7779    i.i2c_clear_sda     u8x8_byte.o
    0x08002f4c   0x08002f4c   0x0000000a   Code   RO         7780    i.i2c_delay         u8x8_byte.o
    0x08002f56   0x08002f56   0x00000016   Code   RO         7781    i.i2c_read_scl_and_delay  u8x8_byte.o
    0x08002f6c   0x08002f6c   0x00000008   Code   RO         7782    i.i2c_read_sda      u8x8_byte.o
    0x08002f74   0x08002f74   0x00000026   Code   RO         7783    i.i2c_write_bit     u8x8_byte.o
    0x08002f9a   0x08002f9a   0x0000007c   Code   RO         7784    i.i2c_write_byte    u8x8_byte.o
    0x08003016   0x08003016   0x00000002   PAD
    0x08003018   0x08003018   0x000000d0   Code   RO          269    i.main              main.o
    0x080030e8   0x080030e8   0x0000006c   Code   RO         8952    i.malloc            mc_w.l(malloc.o)
    0x08003154   0x08003154   0x00000144   Code   RO          270    i.mission_1         main.o
    0x08003298   0x08003298   0x0000020c   Code   RO          271    i.mission_2         main.o
    0x080034a4   0x080034a4   0x000004b0   Code   RO          272    i.mission_3         main.o
    0x08003954   0x08003954   0x00000070   Code   RO         3445    i.prvAddCurrentTaskToDelayedList  tasks.o
    0x080039c4   0x080039c4   0x000000d0   Code   RO         3446    i.prvAddNewTaskToReadyList  tasks.o
    0x08003a94   0x08003a94   0x00000050   Code   RO         3790    i.prvCheckForValidListAndQueue  timers.o
    0x08003ae4   0x08003ae4   0x00000050   Code   RO         3447    i.prvCheckTasksWaitingTermination  tasks.o
    0x08003b34   0x08003b34   0x00000026   Code   RO         3224    i.prvCopyDataFromQueue  queue.o
    0x08003b5a   0x08003b5a   0x0000006c   Code   RO         3225    i.prvCopyDataToQueue  queue.o
    0x08003bc6   0x08003bc6   0x00000014   Code   RO         3448    i.prvDeleteTCB      tasks.o
    0x08003bda   0x08003bda   0x00000002   PAD
    0x08003bdc   0x08003bdc   0x0000004c   Code   RO         3910    i.prvHeapInit       heap_4.o
    0x08003c28   0x08003c28   0x00000028   Code   RO         3449    i.prvIdleTask       tasks.o
    0x08003c50   0x08003c50   0x000000c8   Code   RO         3450    i.prvInitialiseNewTask  tasks.o
    0x08003d18   0x08003d18   0x0000004c   Code   RO         3911    i.prvInsertBlockIntoFreeList  heap_4.o
    0x08003d64   0x08003d64   0x00000038   Code   RO         3791    i.prvInsertTimerInActiveList  timers.o
    0x08003d9c   0x08003d9c   0x0000001c   Code   RO         3226    i.prvIsQueueEmpty   queue.o
    0x08003db8   0x08003db8   0x00000098   Code   RO         3227    i.prvNotifyQueueSetContainer  queue.o
    0x08003e50   0x08003e50   0x00000060   Code   RO         3792    i.prvProcessExpiredTimer  timers.o
    0x08003eb0   0x08003eb0   0x000000f4   Code   RO         3793    i.prvProcessReceivedCommands  timers.o
    0x08003fa4   0x08003fa4   0x0000006c   Code   RO         3794    i.prvProcessTimerOrBlockTask  timers.o
    0x08004010   0x08004010   0x00000020   Code   RO         3452    i.prvResetNextTaskUnblockTime  tasks.o
    0x08004030   0x08004030   0x00000028   Code   RO         3795    i.prvSampleTimeNow  timers.o
    0x08004058   0x08004058   0x0000006c   Code   RO         3796    i.prvSwitchTimerLists  timers.o
    0x080040c4   0x080040c4   0x00000054   Code   RO         3960    i.prvTaskExitError  port.o
    0x08004118   0x08004118   0x00000024   Code   RO         3797    i.prvTimerTask      timers.o
    0x0800413c   0x0800413c   0x00000078   Code   RO         3228    i.prvUnlockQueue    queue.o
    0x080041b4   0x080041b4   0x0000010c   Code   RO         3912    i.pvPortMalloc      heap_4.o
    0x080042c0   0x080042c0   0x00000018   Code   RO         3454    i.pvTaskIncrementMutexHeldCount  tasks.o
    0x080042d8   0x080042d8   0x00000024   Code   RO         3961    i.pxPortInitialiseStack  port.o
    0x080042fc   0x080042fc   0x00000060   Code   RO          273    i.read_function     main.o
    0x0800435c   0x0800435c   0x00000054   Code   RO          274    i.sorting_function  main.o
    0x080043b0   0x080043b0   0x00000018   Code   RO          933    i.tcrt5000_1        tcrt5000.o
    0x080043c8   0x080043c8   0x00000038   Code   RO          934    i.tcrt5000_1_init   tcrt5000.o
    0x08004400   0x08004400   0x00000018   Code   RO          935    i.tcrt5000_2        tcrt5000.o
    0x08004418   0x08004418   0x00000038   Code   RO          936    i.tcrt5000_2_init   tcrt5000.o
    0x08004450   0x08004450   0x00000038   Code   RO          938    i.tcrt5000_3_init   tcrt5000.o
    0x08004488   0x08004488   0x0000004c   Code   RO          940    i.tcrt5000_4_init   tcrt5000.o
    0x080044d4   0x080044d4   0x00000034   Code   RO         7149    i.u8g2Init          u8g2_init.o
    0x08004508   0x08004508   0x00000012   Code   RO         4706    i.u8g2_ClearBuffer  u8g2_buffer.o
    0x0800451a   0x0800451a   0x00000070   Code   RO         4909    i.u8g2_DrawGlyph    u8g2_font.o
    0x0800458a   0x0800458a   0x00000002   PAD
    0x0800458c   0x0800458c   0x000000ac   Code   RO         7099    i.u8g2_DrawHVLine   u8g2_hvline.o
    0x08004638   0x08004638   0x00000010   Code   RO         4910    i.u8g2_DrawStr      u8g2_font.o
    0x08004648   0x08004648   0x00000030   Code   RO         7184    i.u8g2_IsIntersection  u8g2_intersection.o
    0x08004678   0x08004678   0x00000012   Code   RO         4709    i.u8g2_SendBuffer   u8g2_buffer.o
    0x0800468a   0x0800468a   0x00000020   Code   RO         4924    i.u8g2_SetFont      u8g2_font.o
    0x080046aa   0x080046aa   0x00000006   Code   RO         4926    i.u8g2_SetFontMode  u8g2_font.o
    0x080046b0   0x080046b0   0x0000000c   Code   RO         4927    i.u8g2_SetFontPosBaseline  u8g2_font.o
    0x080046bc   0x080046bc   0x0000001c   Code   RO         7372    i.u8g2_SetMaxClipWindow  u8g2_setup.o
    0x080046d8   0x080046d8   0x00000042   Code   RO         7373    i.u8g2_SetupBuffer  u8g2_setup.o
    0x0800471a   0x0800471a   0x00000002   PAD
    0x0800471c   0x0800471c   0x00000038   Code   RO         4895    i.u8g2_Setup_ssd1306_i2c_128x64_noname_f  u8g2_d_setup.o
    0x08004754   0x08004754   0x00000052   Code   RO         4934    i.u8g2_UpdateRefHeight  u8g2_font.o
    0x080047a6   0x080047a6   0x0000001c   Code   RO         4935    i.u8g2_add_vector_x  u8g2_font.o
    0x080047c2   0x080047c2   0x0000001c   Code   RO         4936    i.u8g2_add_vector_y  u8g2_font.o
    0x080047de   0x080047de   0x0000006e   Code   RO         7375    i.u8g2_apply_clip_window  u8g2_setup.o
    0x0800484c   0x0800484c   0x0000003c   Code   RO         7103    i.u8g2_clip_intersection2  u8g2_hvline.o
    0x08004888   0x08004888   0x00000012   Code   RO         7104    i.u8g2_draw_hv_line_2dir  u8g2_hvline.o
    0x0800489a   0x0800489a   0x0000000c   Code   RO         7377    i.u8g2_draw_l90_r0  u8g2_setup.o
    0x080048a6   0x080048a6   0x00000076   Code   RO         4937    i.u8g2_draw_string  u8g2_font.o
    0x0800491c   0x0800491c   0x00000004   Code   RO         4940    i.u8g2_font_calc_vref_font  u8g2_font.o
    0x08004920   0x08004920   0x00000014   Code   RO         4942    i.u8g2_font_decode_get_signed_bits  u8g2_font.o
    0x08004934   0x08004934   0x00000034   Code   RO         4943    i.u8g2_font_decode_get_unsigned_bits  u8g2_font.o
    0x08004968   0x08004968   0x00000114   Code   RO         4944    i.u8g2_font_decode_glyph  u8g2_font.o
    0x08004a7c   0x08004a7c   0x0000008c   Code   RO         4945    i.u8g2_font_decode_len  u8g2_font.o
    0x08004b08   0x08004b08   0x00000072   Code   RO         4946    i.u8g2_font_get_glyph_data  u8g2_font.o
    0x08004b7a   0x08004b7a   0x00000014   Code   RO         4947    i.u8g2_font_get_word  u8g2_font.o
    0x08004b8e   0x08004b8e   0x00000034   Code   RO         4948    i.u8g2_font_setup_decode  u8g2_font.o
    0x08004bc2   0x08004bc2   0x00000018   Code   RO         7185    i.u8g2_is_intersection_decision_tree  u8g2_intersection.o
    0x08004bda   0x08004bda   0x00000002   PAD
    0x08004bdc   0x08004bdc   0x00000090   Code   RO         7233    i.u8g2_ll_hvline_vertical_top_lsb  u8g2_ll_hvline.o
    0x08004c6c   0x08004c6c   0x0000000c   Code   RO         4882    i.u8g2_m_16_8_f     u8g2_d_memory.o
    0x08004c78   0x08004c78   0x0000006a   Code   RO         4949    i.u8g2_read_font_info  u8g2_font.o
    0x08004ce2   0x08004ce2   0x0000004e   Code   RO         4717    i.u8g2_send_buffer  u8g2_buffer.o
    0x08004d30   0x08004d30   0x00000046   Code   RO         7382    i.u8g2_update_dimension_common  u8g2_setup.o
    0x08004d76   0x08004d76   0x00000004   Code   RO         7383    i.u8g2_update_dimension_r0  u8g2_setup.o
    0x08004d7a   0x08004d7a   0x00000022   Code   RO         7387    i.u8g2_update_page_win_r0  u8g2_setup.o
    0x08004d9c   0x08004d9c   0x0000001e   Code   RO         8190    i.u8x8_DrawTile     u8x8_display.o
    0x08004dba   0x08004dba   0x00000010   Code   RO         8192    i.u8x8_InitDisplay  u8x8_display.o
    0x08004dca   0x08004dca   0x00000010   Code   RO         8194    i.u8x8_RefreshDisplay  u8x8_display.o
    0x08004dda   0x08004dda   0x00000010   Code   RO         8197    i.u8x8_SetPowerSave  u8x8_display.o
    0x08004dea   0x08004dea   0x00000022   Code   RO         8496    i.u8x8_Setup        u8x8_setup.o
    0x08004e0c   0x08004e0c   0x00000024   Code   RO         8497    i.u8x8_SetupDefaults  u8x8_setup.o
    0x08004e30   0x08004e30   0x00000010   Code   RO         8198    i.u8x8_SetupMemory  u8x8_display.o
    0x08004e40   0x08004e40   0x0000000e   Code   RO         7664    i.u8x8_ascii_next   u8x8_8x8.o
    0x08004e4e   0x08004e4e   0x00000010   Code   RO         7789    i.u8x8_byte_EndTransfer  u8x8_byte.o
    0x08004e5e   0x08004e5e   0x0000000e   Code   RO         7790    i.u8x8_byte_SendByte  u8x8_byte.o
    0x08004e6c   0x08004e6c   0x00000010   Code   RO         7793    i.u8x8_byte_StartTransfer  u8x8_byte.o
    0x08004e7c   0x08004e7c   0x000000bc   Code   RO         7798    i.u8x8_byte_sw_i2c  u8x8_byte.o
    0x08004f38   0x08004f38   0x00000010   Code   RO         7909    i.u8x8_cad_EndTransfer  u8x8_cad.o
    0x08004f48   0x08004f48   0x00000010   Code   RO         7910    i.u8x8_cad_SendArg  u8x8_cad.o
    0x08004f58   0x08004f58   0x00000010   Code   RO         7911    i.u8x8_cad_SendCmd  u8x8_cad.o
    0x08004f68   0x08004f68   0x00000010   Code   RO         7912    i.u8x8_cad_SendData  u8x8_cad.o
    0x08004f78   0x08004f78   0x00000068   Code   RO         7914    i.u8x8_cad_SendSequence  u8x8_cad.o
    0x08004fe0   0x08004fe0   0x00000010   Code   RO         7915    i.u8x8_cad_StartTransfer  u8x8_cad.o
    0x08004ff0   0x08004ff0   0x000000bc   Code   RO         7918    i.u8x8_cad_ssd13xx_fast_i2c  u8x8_cad.o
    0x080050ac   0x080050ac   0x00000060   Code   RO         8199    i.u8x8_d_helper_display_init  u8x8_display.o
    0x0800510c   0x0800510c   0x0000000a   Code   RO         8200    i.u8x8_d_helper_display_setup_memory  u8x8_display.o
    0x08005116   0x08005116   0x00000002   PAD
    0x08005118   0x08005118   0x0000003c   Code   RO         8091    i.u8x8_d_ssd1306_128x64_noname  u8x8_d_ssd1306_128x64_noname.o
    0x08005154   0x08005154   0x000000c8   Code   RO         8093    i.u8x8_d_ssd1306_sh1106_generic  u8x8_d_ssd1306_128x64_noname.o
    0x0800521c   0x0800521c   0x00000004   Code   RO         8499    i.u8x8_dummy_cb     u8x8_setup.o
    0x08005220   0x08005220   0x00000094   Code   RO         7150    i.u8x8_gpio_and_delay  u8g2_init.o
    0x080052b4   0x080052b4   0x0000000c   Code   RO         8418    i.u8x8_gpio_call    u8x8_gpio.o
    0x080052c0   0x080052c0   0x0000002c   Code   RO         7926    i.u8x8_i2c_data_transfer  u8x8_cad.o
    0x080052ec   0x080052ec   0x00000008   Code   RO         7672    i.u8x8_utf8_init    u8x8_8x8.o
    0x080052f4   0x080052f4   0x000000a4   Code   RO          195    i.uart2_init        usart1.o
    0x08005398   0x08005398   0x00000024   Code   RO         3187    i.uxListRemove      list.o
    0x080053bc   0x080053bc   0x00000016   Code   RO         3188    i.vListInitialise   list.o
    0x080053d2   0x080053d2   0x00000006   Code   RO         3189    i.vListInitialiseItem  list.o
    0x080053d8   0x080053d8   0x00000030   Code   RO         3190    i.vListInsert       list.o
    0x08005408   0x08005408   0x00000018   Code   RO         3191    i.vListInsertEnd    list.o
    0x08005420   0x08005420   0x00000068   Code   RO         3963    i.vPortEnterCritical  port.o
    0x08005488   0x08005488   0x00000054   Code   RO         3964    i.vPortExitCritical  port.o
    0x080054dc   0x080054dc   0x00000094   Code   RO         3913    i.vPortFree         heap_4.o
    0x08005570   0x08005570   0x00000020   Code   RO         3965    i.vPortSetupTimerInterrupt  port.o
    0x08005590   0x08005590   0x0000007c   Code   RO         3966    i.vPortValidateInterruptPriority  port.o
    0x0800560c   0x0800560c   0x00000028   Code   RO         3234    i.vQueueAddToRegistry  queue.o
    0x08005634   0x08005634   0x00000044   Code   RO         3238    i.vQueueWaitForMessageRestricted  queue.o
    0x08005678   0x08005678   0x0000009c   Code   RO          275    i.vTaskCode         main.o
    0x08005714   0x08005714   0x000001a8   Code   RO          276    i.vTaskCode2        main.o
    0x080058bc   0x080058bc   0x00000074   Code   RO         3462    i.vTaskDelay        tasks.o
    0x08005930   0x08005930   0x0000000c   Code   RO         3468    i.vTaskMissedYield  tasks.o
    0x0800593c   0x0800593c   0x0000005c   Code   RO         3470    i.vTaskPlaceOnEventList  tasks.o
    0x08005998   0x08005998   0x00000064   Code   RO         3471    i.vTaskPlaceOnEventListRestricted  tasks.o
    0x080059fc   0x080059fc   0x00000084   Code   RO         3473    i.vTaskPriorityInherit  tasks.o
    0x08005a80   0x08005a80   0x00000050   Code   RO         3477    i.vTaskSetTimeOutState  tasks.o
    0x08005ad0   0x08005ad0   0x0000009c   Code   RO         3478    i.vTaskStartScheduler  tasks.o
    0x08005b6c   0x08005b6c   0x00000010   Code   RO         3480    i.vTaskSuspendAll   tasks.o
    0x08005b7c   0x08005b7c   0x00000084   Code   RO         3481    i.vTaskSwitchContext  tasks.o
    0x08005c00   0x08005c00   0x00000002   Code   RO          277    i.void_function     main.o
    0x08005c02   0x08005c02   0x00000002   PAD
    0x08005c04   0x08005c04   0x00000060   Code   RO          278    i.wirte_function    main.o
    0x08005c64   0x08005c64   0x00000070   Code   RO          279    i.writeArea_fun     main.o
    0x08005cd4   0x08005cd4   0x00000074   Code   RO         3967    i.xPortStartScheduler  port.o
    0x08005d48   0x08005d48   0x0000002c   Code   RO         3968    i.xPortSysTickHandler  port.o
    0x08005d74   0x08005d74   0x00000080   Code   RO         3243    i.xQueueGenericCreate  queue.o
    0x08005df4   0x08005df4   0x0000018c   Code   RO         3244    i.xQueueGenericReceive  queue.o
    0x08005f80   0x08005f80   0x000000b0   Code   RO         3245    i.xQueueGenericReset  queue.o
    0x08006030   0x08006030   0x00000188   Code   RO         3246    i.xQueueGenericSend  queue.o
    0x080061b8   0x080061b8   0x000000ec   Code   RO         3247    i.xQueueGenericSendFromISR  queue.o
    0x080062a4   0x080062a4   0x00000090   Code   RO         3482    i.xTaskCheckForTimeOut  tasks.o
    0x08006334   0x08006334   0x00000056   Code   RO         3483    i.xTaskCreate       tasks.o
    0x0800638a   0x0800638a   0x00000002   PAD
    0x0800638c   0x0800638c   0x0000001c   Code   RO         3487    i.xTaskGetSchedulerState  tasks.o
    0x080063a8   0x080063a8   0x0000000c   Code   RO         3488    i.xTaskGetTickCount  tasks.o
    0x080063b4   0x080063b4   0x000000f0   Code   RO         3490    i.xTaskIncrementTick  tasks.o
    0x080064a4   0x080064a4   0x000000bc   Code   RO         3493    i.xTaskPriorityDisinherit  tasks.o
    0x08006560   0x08006560   0x000000a0   Code   RO         3494    i.xTaskRemoveFromEventList  tasks.o
    0x08006600   0x08006600   0x000000f0   Code   RO         3496    i.xTaskResumeAll    tasks.o
    0x080066f0   0x080066f0   0x00000078   Code   RO         3800    i.xTimerCreate      timers.o
    0x08006768   0x08006768   0x00000078   Code   RO         3801    i.xTimerCreateTimerTask  timers.o
    0x080067e0   0x080067e0   0x00000094   Code   RO         3802    i.xTimerGenericCommand  timers.o
    0x08006874   0x08006874   0x00000018   Data   RO          558    .constdata          ds1302.o
    0x0800688c   0x0800688c   0x00000818   Data   RO         1015    .constdata          oled.o
    0x080070a4   0x080070a4   0x00002327   Data   RO         6250    .constdata          u8g2_fonts.o
    0x080093cb   0x080093cb   0x00000001   PAD
    0x080093cc   0x080093cc   0x0000000c   Data   RO         7391    .constdata          u8g2_setup.o
    0x080093d8   0x080093d8   0x00000124   Data   RO         8095    .constdata          u8x8_d_ssd1306_128x64_noname.o
    0x080094fc   0x080094fc   0x0000007e   Data   RO          282    .conststring        main.o
    0x0800957a   0x0800957a   0x00000002   PAD
    0x0800957c   0x0800957c   0x00000020   Data   RO         9021    Region$$Table       anon$$obj.o


    Execution Region RW_IRAM1 (Exec base: 0x20000000, Load base: 0x0800959c, Size: 0x000040f8, Max: 0x00005000, ABSOLUTE)

    Exec Addr    Load Addr    Size         Type   Attr      Idx    E Section Name        Object

    0x20000000   0x0800959c   0x00000008   Data   RW           30    .data               delay.o
    0x20000008   0x080095a4   0x00000008   Data   RW          199    .data               usart1.o
    0x20000010   0x080095ac   0x00000010   Data   RW          283    .data               main.o
    0x20000020   0x080095bc   0x00000014   Data   RW          514    .data               system_stm32f10x.o
    0x20000034   0x080095d0   0x0000000a   Data   RW          559    .data               ds1302.o
    0x2000003e   0x080095da   0x0000003e   Data   RW          771    .data               rc522_function.o
    0x2000007c   0x08009618   0x00000014   Data   RW         1699    .data               stm32f10x_rcc.o
    0x20000090   0x0800962c   0x0000003c   Data   RW         3499    .data               tasks.o
    0x200000cc   0x08009668   0x00000014   Data   RW         3810    .data               timers.o
    0x200000e0   0x0800967c   0x00000018   Data   RW         3918    .data               heap_4.o
    0x200000f8   0x08009694   0x0000000c   Data   RW         3969    .data               port.o
    0x20000104   0x080096a0   0x00000006   Data   RW         7928    .data               u8x8_cad.o
    0x2000010a   0x080096a6   0x00000008   Data   RW         8617    .data               4g.o
    0x20000112   0x080096ae   0x00000002   PAD
    0x20000114   0x080096b0   0x00000004   Data   RW         8993    .data               mc_w.l(stdout.o)
    0x20000118   0x080096b4   0x00000004   Data   RW         8998    .data               mc_w.l(mvars.o)
    0x2000011c   0x080096b8   0x00000004   Data   RW         8999    .data               mc_w.l(mvars.o)
    0x20000120        -       0x00000480   Zero   RW          197    .bss                usart1.o
    0x200005a0        -       0x000000cc   Zero   RW          281    .bss                main.o
    0x2000066c        -       0x0000003e   Zero   RW          767    .bss                rc522_function.o
    0x200006aa   0x080096bc   0x00000002   PAD
    0x200006ac        -       0x00000040   Zero   RW         3258    .bss                queue.o
    0x200006ec        -       0x000002e4   Zero   RW         3498    .bss                tasks.o
    0x200009d0        -       0x00000028   Zero   RW         3809    .bss                timers.o
    0x200009f8        -       0x00002800   Zero   RW         3917    .bss                heap_4.o
    0x200031f8        -       0x00000400   Zero   RW         4883    .bss                u8g2_d_memory.o
    0x200035f8        -       0x00000500   Zero   RW         8616    .bss                4g.o
    0x20003af8        -       0x00000200   Zero   RW           18    HEAP                startup_stm32f10x_md.o
    0x20003cf8        -       0x00000400   Zero   RW           17    STACK               startup_stm32f10x_md.o


==============================================================================

Image component sizes


      Code (inc. data)   RO Data    RW Data    ZI Data      Debug   Object Name

       576        212          0          8       1280       3978   4g.o
        52          4          0          0          0        504   bsp_beep.o
       240         12          0          0          0        819   bsp_sg90.o
         0          0          0          0          0       4548   core_cm3.o
       254         22          0          8          0     261172   delay.o
       786         40         24         10          0       5442   ds1302.o
         0          0          0          0          0      10304   event_groups.o
       568        122          0         24      10240       3847   heap_4.o
        44          6          0          0          0        475   key.o
       124         28          0          0          0       2926   led.o
       136          0          0          0          0       3086   list.o
      3670        840        126         16        204     371737   main.o
       144         16          0          0          0       2033   misc.o
      1110         38       2072          0          0      10674   oled.o
       774        250          0         12          0       9733   port.o
      1882        286          0          0         64      15569   queue.o
       208          8          0          0          0       1457   rc522_config.o
      1148         64          0         62         62      10763   rc522_function.o
        36          8        236          0       1536        792   startup_stm32f10x_md.o
        50          8          0          0          0       2648   stm32f10x_bkp.o
       282          6          0          0          0       4922   stm32f10x_gpio.o
        12          0          0          0          0       2457   stm32f10x_it.o
        12          6          0          0          0        506   stm32f10x_pwr.o
       312         54          0         20          0       7210   stm32f10x_rcc.o
       208         46          0          0          0       5081   stm32f10x_rtc.o
       732         90          0          0          0       9278   stm32f10x_tim.o
       344          6          0          0          0       6791   stm32f10x_usart.o
       248         24          0         20          0       1713   system_stm32f10x.o
      2650        716          0         60        740      28409   tasks.o
       292         36          0          0          0       3114   tcrt5000.o
      1156        274          0         20         40       9714   timers.o
       114          0          0          0          0       2395   u8g2_buffer.o
        12          4          0          0       1024        796   u8g2_d_memory.o
        56         14          0          0          0       1005   u8g2_d_setup.o
      1218         10          0          0          0      13711   u8g2_font.o
         0          0       8999          0          0     143045   u8g2_fonts.o
       250          0          0          0          0       2367   u8g2_hvline.o
       244         24          0          0          0       1800   u8g2_init.o
        72          0          0          0          0       1823   u8g2_intersection.o
       144          0          0          0          0       1334   u8g2_ll_hvline.o
       324          0         12          0          0     144501   u8g2_setup.o
        22          0          0          0          0       1757   u8x8_8x8.o
       452          0          0          0          0       6446   u8x8_byte.o
       416         12          0          6          0       8488   u8x8_cad.o
       260         10        292          0          0       2951   u8x8_d_ssd1306_128x64_noname.o
       200          0          0          0          0       4134   u8x8_display.o
        12          0          0          0          0        561   u8x8_gpio.o
        74          4          0          0          0       1670   u8x8_setup.o
       582         48          0          8       1152       6498   usart1.o

    ----------------------------------------------------------------------
     22544       3348      11796        276      16344    1146984   Object Totals
         0          0         32          0          0          0   (incl. Generated)
        42          0          3          2          2          0   (incl. Padding)

    ----------------------------------------------------------------------

      Code (inc. data)   RO Data    RW Data    ZI Data      Debug   Library Member Name

         0          0          0          0          0          0   entry.o
         0          0          0          0          0          0   entry10a.o
         0          0          0          0          0          0   entry11a.o
         8          4          0          0          0          0   entry2.o
         4          0          0          0          0          0   entry5.o
         0          0          0          0          0          0   entry7b.o
         0          0          0          0          0          0   entry8b.o
         8          4          0          0          0          0   entry9a.o
        30          0          0          0          0          0   handlers.o
        36          8          0          0          0         68   init.o
         0          0          0          0          0          0   iusefp.o
        30          0          0          0          0         68   llshl.o
        36          0          0          0          0         68   llsshr.o
        32          0          0          0          0         68   llushr.o
       108         16          0          0          0         84   malloc.o
        36          0          0          0          0         68   memcpya.o
        36          0          0          0          0        108   memseta.o
         0          0          0          8          0          0   mvars.o
      2308         96          0          0          0        604   printfa.o
         0          0          0          4          0          0   stdout.o
        28          0          0          0          0         76   strcmp.o
        14          0          0          0          0         68   strlen.o
        36          0          0          0          0         80   strstr.o
        44          0          0          0          0         80   uidiv.o
        98          0          0          0          0         92   uldiv.o
        48          0          0          0          0         68   cdrcmple.o
       334          0          0          0          0        148   dadd.o
       222          0          0          0          0        100   ddiv.o
       186          0          0          0          0        176   depilogue.o
        48          0          0          0          0         68   dfixul.o
       228          0          0          0          0         96   dmul.o

    ----------------------------------------------------------------------
      3960        128          0         12          0       2188   Library Totals
         2          0          0          0          0          0   (incl. Padding)

    ----------------------------------------------------------------------

      Code (inc. data)   RO Data    RW Data    ZI Data      Debug   Library Name

      2892        128          0         12          0       1532   mc_w.l
      1066          0          0          0          0        656   mf_w.l

    ----------------------------------------------------------------------
      3960        128          0         12          0       2188   Library Totals

    ----------------------------------------------------------------------

==============================================================================


      Code (inc. data)   RO Data    RW Data    ZI Data      Debug   

     26504       3476      11796        288      16344    1133724   Grand Totals
     26504       3476      11796        288      16344    1133724   ELF Image Totals
     26504       3476      11796        288          0          0   ROM Totals

==============================================================================

    Total RO  Size (Code + RO Data)                38300 (  37.40kB)
    Total RW  Size (RW Data + ZI Data)             16632 (  16.24kB)
    Total ROM Size (Code + RO Data + RW Data)      38588 (  37.68kB)

==============================================================================

